Archive member included because of file (symbol)

C:\Users\sradha\Desktop\new373Proj\DigitalSixthSense\SoftConsole\core_MSS_CM3_0\core_MSS_CM3_0_hw_platform\Debug\libcore_MSS_CM3_0_hw_platform.a(mss_uart.o)
                              ./tfmini.o (g_mss_uart1)
C:\Users\sradha\Desktop\new373Proj\DigitalSixthSense\SoftConsole\core_MSS_CM3_0\core_MSS_CM3_0_hw_platform\Debug\libcore_MSS_CM3_0_hw_platform.a(mss_i2c.o)
                              ./main.o (g_mss_i2c1)
C:\Users\sradha\Desktop\new373Proj\DigitalSixthSense\SoftConsole\core_MSS_CM3_0\core_MSS_CM3_0_hw_platform\Debug\libcore_MSS_CM3_0_hw_platform.a(core_cm3.o)
                              C:\Users\sradha\Desktop\new373Proj\DigitalSixthSense\SoftConsole\core_MSS_CM3_0\core_MSS_CM3_0_hw_platform\Debug\libcore_MSS_CM3_0_hw_platform.a(mss_i2c.o) (__get_PRIMASK)
C:\Users\sradha\Desktop\new373Proj\DigitalSixthSense\SoftConsole\core_MSS_CM3_0\core_MSS_CM3_0_hw_platform\Debug\libcore_MSS_CM3_0_hw_platform.a(system_a2fxxxm3.o)
                              C:\Users\sradha\Desktop\new373Proj\DigitalSixthSense\SoftConsole\core_MSS_CM3_0\core_MSS_CM3_0_hw_platform\Debug\libcore_MSS_CM3_0_hw_platform.a(mss_uart.o) (g_FrequencyPCLK0)
c:/microsemi/softconsole v3.3/sourcery-g++/bin/../lib/gcc/arm-none-eabi/4.4.1/thumb2\libgcc.a(_arm_addsubdf3.o)
                              ./tfmini.o (__aeabi_dsub)
c:/microsemi/softconsole v3.3/sourcery-g++/bin/../lib/gcc/arm-none-eabi/4.4.1/thumb2\libgcc.a(_arm_muldivdf3.o)
                              ./tfmini.o (__aeabi_dmul)
c:/microsemi/softconsole v3.3/sourcery-g++/bin/../lib/gcc/arm-none-eabi/4.4.1/thumb2\libgcc.a(_arm_cmpdf2.o)
                              ./main.o (__aeabi_dcmplt)
c:/microsemi/softconsole v3.3/sourcery-g++/bin/../lib/gcc/arm-none-eabi/4.4.1/../../../../arm-none-eabi/lib/thumb2\libc.a(lib_a-assert.o)
                              ./main.o (__assert_func)
c:/microsemi/softconsole v3.3/sourcery-g++/bin/../lib/gcc/arm-none-eabi/4.4.1/../../../../arm-none-eabi/lib/thumb2\libc.a(lib_a-errno.o)
                              C:/Users/sradha/Desktop/new373Proj/DigitalSixthSense/SoftConsole/core_MSS_CM3_0/core_MSS_CM3_0_hw_platform/Debug/CMSIS/startup_gcc/newlib_stubs.o (__errno)
c:/microsemi/softconsole v3.3/sourcery-g++/bin/../lib/gcc/arm-none-eabi/4.4.1/../../../../arm-none-eabi/lib/thumb2\libc.a(lib_a-fiprintf.o)
                              c:/microsemi/softconsole v3.3/sourcery-g++/bin/../lib/gcc/arm-none-eabi/4.4.1/../../../../arm-none-eabi/lib/thumb2\libc.a(lib_a-assert.o) (fiprintf)
c:/microsemi/softconsole v3.3/sourcery-g++/bin/../lib/gcc/arm-none-eabi/4.4.1/../../../../arm-none-eabi/lib/thumb2\libc.a(lib_a-impure.o)
                              c:/microsemi/softconsole v3.3/sourcery-g++/bin/../lib/gcc/arm-none-eabi/4.4.1/../../../../arm-none-eabi/lib/thumb2\libc.a(lib_a-assert.o) (_impure_ptr)
c:/microsemi/softconsole v3.3/sourcery-g++/bin/../lib/gcc/arm-none-eabi/4.4.1/../../../../arm-none-eabi/lib/thumb2\libc.a(lib_a-init.o)
                              C:/Users/sradha/Desktop/new373Proj/DigitalSixthSense/SoftConsole/core_MSS_CM3_0/core_MSS_CM3_0_hw_platform/Debug/CMSIS/startup_gcc/startup_a2fxxxm3.o (__libc_init_array)
c:/microsemi/softconsole v3.3/sourcery-g++/bin/../lib/gcc/arm-none-eabi/4.4.1/../../../../arm-none-eabi/lib/thumb2\libc.a(lib_a-memset.o)
                              C:\Users\sradha\Desktop\new373Proj\DigitalSixthSense\SoftConsole\core_MSS_CM3_0\core_MSS_CM3_0_hw_platform\Debug\libcore_MSS_CM3_0_hw_platform.a(mss_i2c.o) (memset)
c:/microsemi/softconsole v3.3/sourcery-g++/bin/../lib/gcc/arm-none-eabi/4.4.1/../../../../arm-none-eabi/lib/thumb2\libc.a(lib_a-vfiprintf.o)
                              c:/microsemi/softconsole v3.3/sourcery-g++/bin/../lib/gcc/arm-none-eabi/4.4.1/../../../../arm-none-eabi/lib/thumb2\libc.a(lib_a-fiprintf.o) (_vfiprintf_r)
c:/microsemi/softconsole v3.3/sourcery-g++/bin/../lib/gcc/arm-none-eabi/4.4.1/../../../../arm-none-eabi/lib/thumb2\libc.a(lib_a-wsetup.o)
                              c:/microsemi/softconsole v3.3/sourcery-g++/bin/../lib/gcc/arm-none-eabi/4.4.1/../../../../arm-none-eabi/lib/thumb2\libc.a(lib_a-vfiprintf.o) (__swsetup_r)
c:/microsemi/softconsole v3.3/sourcery-g++/bin/../lib/gcc/arm-none-eabi/4.4.1/../../../../arm-none-eabi/lib/thumb2\libc.a(lib_a-abort.o)
                              c:/microsemi/softconsole v3.3/sourcery-g++/bin/../lib/gcc/arm-none-eabi/4.4.1/../../../../arm-none-eabi/lib/thumb2\libc.a(lib_a-assert.o) (abort)
c:/microsemi/softconsole v3.3/sourcery-g++/bin/../lib/gcc/arm-none-eabi/4.4.1/../../../../arm-none-eabi/lib/thumb2\libc.a(lib_a-fflush.o)
                              c:/microsemi/softconsole v3.3/sourcery-g++/bin/../lib/gcc/arm-none-eabi/4.4.1/../../../../arm-none-eabi/lib/thumb2\libc.a(lib_a-vfiprintf.o) (_fflush_r)
c:/microsemi/softconsole v3.3/sourcery-g++/bin/../lib/gcc/arm-none-eabi/4.4.1/../../../../arm-none-eabi/lib/thumb2\libc.a(lib_a-findfp.o)
[...]
Memory Configuration

Name             Origin             Length             Attributes
ram              0x20000000         0x00010000         xrw
*default*        0x00000000         0xffffffff

Linker script and memory map

LOAD c:/microsemi/softconsole v3.3/sourcery-g++/bin/../lib/gcc/arm-none-eabi/4.4.1/thumb2/crti.o
LOAD c:/microsemi/softconsole v3.3/sourcery-g++/bin/../lib/gcc/arm-none-eabi/4.4.1/thumb2/crtbegin.o
LOAD ./main.o
LOAD ./motor_control.o
LOAD ./tfmini.o
LOAD C:/Users/sradha/Desktop/new373Proj/DigitalSixthSense/SoftConsole/core_MSS_CM3_0/core_MSS_CM3_0_hw_platform/Debug/CMSIS/startup_gcc/startup_a2fxxxm3.o
LOAD C:/Users/sradha/Desktop/new373Proj/DigitalSixthSense/SoftConsole/core_MSS_CM3_0/core_MSS_CM3_0_hw_platform/Debug/CMSIS/startup_gcc/newlib_stubs.o
LOAD C:\Users\sradha\Desktop\new373Proj\DigitalSixthSense\SoftConsole\core_MSS_CM3_0\core_MSS_CM3_0_hw_platform\Debug\libcore_MSS_CM3_0_hw_platform.a
START GROUP
LOAD c:/microsemi/softconsole v3.3/sourcery-g++/bin/../lib/gcc/arm-none-eabi/4.4.1/thumb2\libgcc.a
LOAD c:/microsemi/softconsole v3.3/sourcery-g++/bin/../lib/gcc/arm-none-eabi/4.4.1/../../../../arm-none-eabi/lib/thumb2\libc.a
END GROUP
LOAD c:/microsemi/softconsole v3.3/sourcery-g++/bin/../lib/gcc/arm-none-eabi/4.4.1/thumb2/crtend.o
LOAD c:/microsemi/softconsole v3.3/sourcery-g++/bin/../lib/gcc/arm-none-eabi/4.4.1/thumb2/crtn.o
START GROUP
LOAD c:/microsemi/softconsole v3.3/sourcery-g++/bin/../lib/gcc/arm-none-eabi/4.4.1/../../../../arm-none-eabi/lib/thumb2\libc.a
LOAD c:/microsemi/softconsole v3.3/sourcery-g++/bin/../lib/gcc/arm-none-eabi/4.4.1/thumb2\libgcc.a
LOAD c:/microsemi/softconsole v3.3/sourcery-g++/bin/../lib/gcc/arm-none-eabi/4.4.1/../../../../arm-none-eabi/lib/thumb2\libm.a
END GROUP
                0x00000000                __DYNAMIC = 0x0
                0x20000000                RAM_START_ADDRESS = 0x20000000
                0x00010000                RAM_SIZE = 0x10000
                0x00002000                MAIN_STACK_SIZE = 0x2000
                0x00001000                PROCESS_STACK_SIZE = 0x1000
                0x20010000                PROVIDE (__main_stack_start, (RAM_START_ADDRESS + RAM_SIZE))
                0x2000e000                PROVIDE (__process_stack_start, (__main_stack_start - MAIN_STACK_SIZE))
                0x20010000                PROVIDE (_estack, __main_stack_start)
                0x00000000                PROVIDE (__mirrored_nvm, 0x0)

.text           0x20000000     0x6588
 CREATE_OBJECT_SYMBOLS
                0x20000000                __text_load = LOADADDR (.text)
                0x20000000                __text_start = .
                0x20000000                __vector_table_vma_base_address = .
 *(.isr_vector)
 .isr_vector    0x20000000      0x470 C:/Users/sradha/Desktop/new373Proj/DigitalSixthSense/SoftConsole/core_MSS_CM3_0/core_MSS_CM3_0_hw_platform/Debug/CMSIS/startup_gcc/startup_a2fxxxm3.o
                0x20000000                g_pfnVectors
                0x20000298                Reset_Handler
                0x20000308                NMI_Handler
                0x2000030a                HardFault_Handler
                0x2000030c                MemManage_Handler
                0x2000030e                BusFault_Handler
                0x20000310                UsageFault_Handler
                0x20000312                SVC_Handler
                0x20000314                DebugMon_Handler
                0x20000316                PendSV_Handler
                0x20000318                SysTick_Handler
                0x2000031a                WdogWakeup_IRQHandler
                0x2000031c                BrownOut_1_5V_IRQHandler
                0x2000031e                BrownOut_3_3V_IRQHandler
                0x20000320                RTC_Match_IRQHandler
                0x20000322                RTCIF_Pub_IRQHandler
                0x20000324                EthernetMAC_IRQHandler
                0x20000326                IAP_IRQHandler
                0x20000328                ENVM0_IRQHandler
                0x2000032a                ENVM1_IRQHandler
                0x2000032c                DMA_IRQHandler
                0x20000332                SPI0_IRQHandler
                0x20000334                SPI1_IRQHandler
                0x20000338                I2C0_SMBAlert_IRQHandler
                0x2000033a                I2C0_SMBus_IRQHandler
                0x2000033e                I2C1_SMBAlert_IRQHandler
                0x20000340                I2C1_SMBus_IRQHandler
                0x20000342                Timer1_IRQHandler
                0x20000344                Timer2_IRQHandler
                0x20000346                PLL_Lock_IRQHandler
                0x20000348                PLL_LockLost_IRQHandler
                0x2000034a                CommError_IRQHandler
                0x2000034e                GPIO0_IRQHandler
                0x20000350                GPIO1_IRQHandler
                0x20000352                GPIO2_IRQHandler
                0x20000354                GPIO3_IRQHandler
                0x20000356                GPIO4_IRQHandler
                0x20000358                GPIO5_IRQHandler
                0x2000035a                GPIO6_IRQHandler
                0x2000035c                GPIO7_IRQHandler
                0x2000035e                GPIO8_IRQHandler
                0x20000360                GPIO9_IRQHandler
                0x20000362                GPIO10_IRQHandler
                0x20000364                GPIO11_IRQHandler
                0x20000366                GPIO12_IRQHandler
                0x20000368                GPIO13_IRQHandler
                0x2000036a                GPIO14_IRQHandler
                0x2000036c                GPIO15_IRQHandler
                0x2000036e                GPIO16_IRQHandler
                0x20000370                GPIO17_IRQHandler
                0x20000372                GPIO18_IRQHandler
                0x20000374                GPIO19_IRQHandler
                0x20000376                GPIO20_IRQHandler
                0x20000378                GPIO21_IRQHandler
                0x2000037a                GPIO22_IRQHandler
                0x2000037c                GPIO23_IRQHandler
                0x2000037e                GPIO24_IRQHandler
                0x20000380                GPIO25_IRQHandler
                0x20000382                GPIO26_IRQHandler
                0x20000384                GPIO27_IRQHandler
                0x20000386                GPIO28_IRQHandler
                0x20000388                GPIO29_IRQHandler
                0x2000038a                GPIO30_IRQHandler
                0x2000038c                GPIO31_IRQHandler
                0x2000038e                ACE_PC0_Flag0_IRQHandler
                0x20000390                ACE_PC0_Flag1_IRQHandler
                0x20000392                ACE_PC0_Flag2_IRQHandler
                0x20000394                ACE_PC0_Flag3_IRQHandler
                0x20000396                ACE_PC1_Flag0_IRQHandler
                0x20000398                ACE_PC1_Flag1_IRQHandler
                0x2000039a                ACE_PC1_Flag2_IRQHandler
                0x2000039c                ACE_PC1_Flag3_IRQHandler
                0x2000039e                ACE_PC2_Flag0_IRQHandler
                0x200003a0                ACE_PC2_Flag1_IRQHandler
                0x200003a2                ACE_PC2_Flag2_IRQHandler
                0x200003a4                ACE_PC2_Flag3_IRQHandler
                0x200003a6                ACE_ADC0_DataValid_IRQHandler
                0x200003a8                ACE_ADC1_DataValid_IRQHandler
                0x200003aa                ACE_ADC2_DataValid_IRQHandler
                0x200003ac                ACE_ADC0_CalDone_IRQHandler
                0x200003ae                ACE_ADC1_CalDone_IRQHandler
                0x200003b0                ACE_ADC2_CalDone_IRQHandler
                0x200003b2                ACE_ADC0_CalStart_IRQHandler
                0x200003b4                ACE_ADC1_CalStart_IRQHandler
                0x200003b6                ACE_ADC2_CalStart_IRQHandler
                0x200003b8                ACE_Comp0_Fall_IRQHandler
                0x200003ba                ACE_Comp1_Fall_IRQHandler
                0x200003bc                ACE_Comp2_Fall_IRQHandler
                0x200003be                ACE_Comp3_Fall_IRQHandler
                0x200003c0                ACE_Comp4_Fall_IRQHandler
                0x200003c2                ACE_Comp5_Fall_IRQHandler
                0x200003c4                ACE_Comp6_Fall_IRQHandler
                0x200003c6                ACE_Comp7_Fall_IRQHandler
                0x200003c8                ACE_Comp8_Fall_IRQHandler
                0x200003ca                ACE_Comp9_Fall_IRQHandler
                0x200003cc                ACE_Comp10_Fall_IRQHandler
                0x200003ce                ACE_Comp11_Fall_IRQHandler
                0x200003d0                ACE_Comp0_Rise_IRQHandler
                0x200003d2                ACE_Comp1_Rise_IRQHandler
                0x200003d4                ACE_Comp2_Rise_IRQHandler
                0x200003d6                ACE_Comp3_Rise_IRQHandler
                0x200003d8                ACE_Comp4_Rise_IRQHandler
                0x200003da                ACE_Comp5_Rise_IRQHandler
                0x200003dc                ACE_Comp6_Rise_IRQHandler
                0x200003de                ACE_Comp7_Rise_IRQHandler
                0x200003e0                ACE_Comp8_Rise_IRQHandler
                0x200003e2                ACE_Comp9_Rise_IRQHandler
                0x200003e4                ACE_Comp10_Rise_IRQHandler
                0x200003e6                ACE_Comp11_Rise_IRQHandler
                0x200003e8                ACE_ADC0_FifoFull_IRQHandler
                0x200003ea                ACE_ADC0_FifoAFull_IRQHandler
                0x200003ec                ACE_ADC0_FifoEmpty_IRQHandler
                0x200003ee                ACE_ADC1_FifoFull_IRQHandler
                0x200003f0                ACE_ADC1_FifoAFull_IRQHandler
                0x200003f2                ACE_ADC1_FifoEmpty_IRQHandler
                0x200003f4                ACE_ADC2_FifoFull_IRQHandler
                0x200003f6                ACE_ADC2_FifoAFull_IRQHandler
                0x200003f8                ACE_ADC2_FifoEmpty_IRQHandler
                0x200003fa                ACE_PPE_Flag0_IRQHandler
                0x200003fc                ACE_PPE_Flag1_IRQHandler
                0x200003fe                ACE_PPE_Flag2_IRQHandler
                0x20000400                ACE_PPE_Flag3_IRQHandler
                0x20000402                ACE_PPE_Flag4_IRQHandler
                0x20000404                ACE_PPE_Flag5_IRQHandler
                0x20000406                ACE_PPE_Flag6_IRQHandler
                0x20000408                ACE_PPE_Flag7_IRQHandler
                0x2000040a                ACE_PPE_Flag8_IRQHandler
                0x2000040c                ACE_PPE_Flag9_IRQHandler
                0x2000040e                ACE_PPE_Flag10_IRQHandler
                0x20000410                ACE_PPE_Flag11_IRQHandler
                0x20000412                ACE_PPE_Flag12_IRQHandler
                0x20000414                ACE_PPE_Flag13_IRQHandler
                0x20000416                ACE_PPE_Flag14_IRQHandler
                0x20000418                ACE_PPE_Flag15_IRQHandler
                0x2000041a                ACE_PPE_Flag16_IRQHandler
                0x2000041c                ACE_PPE_Flag17_IRQHandler
                0x2000041e                ACE_PPE_Flag18_IRQHandler
                0x20000420                ACE_PPE_Flag19_IRQHandler
                0x20000422                ACE_PPE_Flag20_IRQHandler
                0x20000424                ACE_PPE_Flag21_IRQHandler
                0x20000426                ACE_PPE_Flag22_IRQHandler
                0x20000428                ACE_PPE_Flag23_IRQHandler
                0x2000042a                ACE_PPE_Flag24_IRQHandler
                0x2000042c                ACE_PPE_Flag25_IRQHandler
                0x2000042e                ACE_PPE_Flag26_IRQHandler
                0x20000430                ACE_PPE_Flag27_IRQHandler
                0x20000432                ACE_PPE_Flag28_IRQHandler
                0x20000434                ACE_PPE_Flag29_IRQHandler
                0x20000436                ACE_PPE_Flag30_IRQHandler
                0x20000438                ACE_PPE_Flag31_IRQHandler
 *(.text .text.* .gnu.linkonce.t.*)
 .text          0x20000470       0x30 c:/microsemi/softconsole v3.3/sourcery-g++/bin/../lib/gcc/arm-none-eabi/4.4.1/thumb2/crtbegin.o
 .text.NVIC_EnableIRQ
                0x200004a0       0x38 ./main.o
 .text.NVIC_ClearPendingIRQ
                0x200004d8       0x3c ./main.o
 .text.logcalculator
                0x20000514       0x44 ./main.o
                0x20000514                logcalculator
 .text.Fabric_IRQHandler
                0x20000558      0x118 ./main.o
                0x20000558                Fabric_IRQHandler
 .text.main     0x20000670       0x10 ./main.o
                0x20000670                main
 .text.readRegister8
                0x20000680       0xcc ./motor_control.o
                0x20000680                readRegister8
 .text.writeRegister8
                0x2000074c       0x78 ./motor_control.o
                0x2000074c                writeRegister8
 .text.init     0x200007c4       0xb4 ./motor_control.o
                0x200007c4                init
 .text.setWaveform
                0x20000878       0x28 ./motor_control.o
                0x20000878                setWaveform
 .text.selectLibrary
                0x200008a0       0x20 ./motor_control.o
                0x200008a0                selectLibrary
 .text.go       0x200008c0       0x14 ./motor_control.o
                0x200008c0                go
 .text.setMode  0x200008d4       0x20 ./motor_control.o
                0x200008d4                setMode
 .text.measure  0x200008f4       0xf0 ./tfmini.o
                0x200008f4                measure
 .text._close   0x200009e4       0x18 C:/Users/sradha/Desktop/new373Proj/DigitalSixthSense/SoftConsole/core_MSS_CM3_0/core_MSS_CM3_0_hw_platform/Debug/CMSIS/startup_gcc/newlib_stubs.o
                0x200009e4                _close
 .text._exit    0x200009fc        0xc C:/Users/sradha/Desktop/new373Proj/DigitalSixthSense/SoftConsole/core_MSS_CM3_0/core_MSS_CM3_0_hw_platform/Debug/CMSIS/startup_gcc/newlib_stubs.o
                0x200009fc                _exit
 .text._fstat   0x20000a08       0x24 C:/Users/sradha/Desktop/new373Proj/DigitalSixthSense/SoftConsole/core_MSS_CM3_0/core_MSS_CM3_0_hw_platform/Debug/CMSIS/startup_gcc/newlib_stubs.o
                0x20000a08                _fstat
 .text._getpid  0x20000a2c       0x10 C:/Users/sradha/Desktop/new373Proj/DigitalSixthSense/SoftConsole/core_MSS_CM3_0/core_MSS_CM3_0_hw_platform/Debug/CMSIS/startup_gcc/newlib_stubs.o
                0x20000a2c                _getpid
 .text._isatty  0x20000a3c       0x18 C:/Users/sradha/Desktop/new373Proj/DigitalSixthSense/SoftConsole/core_MSS_CM3_0/core_MSS_CM3_0_hw_platform/Debug/CMSIS/startup_gcc/newlib_stubs.o
                0x20000a3c                _isatty
 .text._kill    0x20000a54       0x24 C:/Users/sradha/Desktop/new373Proj/DigitalSixthSense/SoftConsole/core_MSS_CM3_0/core_MSS_CM3_0_hw_platform/Debug/CMSIS/startup_gcc/newlib_stubs.o
                0x20000a54                _kill
 .text._lseek   0x20000a78       0x1c C:/Users/sradha/Desktop/new373Proj/DigitalSixthSense/SoftConsole/core_MSS_CM3_0/core_MSS_CM3_0_hw_platform/Debug/CMSIS/startup_gcc/newlib_stubs.o
                0x20000a78                _lseek
 .text._read    0x20000a94       0x1c C:/Users/sradha/Desktop/new373Proj/DigitalSixthSense/SoftConsole/core_MSS_CM3_0/core_MSS_CM3_0_hw_platform/Debug/CMSIS/startup_gcc/newlib_stubs.o
                0x20000a94                _read
 .text._write_r
                0x20000ab0       0x20 C:/Users/sradha/Desktop/new373Proj/DigitalSixthSense/SoftConsole/core_MSS_CM3_0/core_MSS_CM3_0_hw_platform/Debug/CMSIS/startup_gcc/newlib_stubs.o
                0x20000ab0                _write_r
 .text._sbrk    0x20000ad0       0x94 C:/Users/sradha/Desktop/new373Proj/DigitalSixthSense/SoftConsole/core_MSS_CM3_0/core_MSS_CM3_0_hw_platform/Debug/CMSIS/startup_gcc/newlib_stubs.o
                0x20000ad0                _sbrk
 .text.NVIC_ClearPendingIRQ
                0x20000b64       0x3c C:\Users\sradha\Desktop\new373Proj\DigitalSixthSense\SoftConsole\core_MSS_CM3_0\core_MSS_CM3_0_hw_platform\Debug\libcore_MSS_CM3_0_hw_platform.a(mss_uart.o)
 .text.MSS_UART_init
                0x20000ba0      0x204 C:\Users\sradha\Desktop\new373Proj\DigitalSixthSense\SoftConsole\core_MSS_CM3_0\core_MSS_CM3_0_hw_platform\Debug\libcore_MSS_CM3_0_hw_platform.a(mss_uart.o)
                0x20000ba0                MSS_UART_init
 .text.MSS_UART_polled_tx
                0x20000da4       0xe4 C:\Users\sradha\Desktop\new373Proj\DigitalSixthSense\SoftConsole\core_MSS_CM3_0\core_MSS_CM3_0_hw_platform\Debug\libcore_MSS_CM3_0_hw_platform.a(mss_uart.o)
                0x20000da4                MSS_UART_polled_tx
 .text.MSS_UART_get_rx
                0x20000e88       0xdc C:\Users\sradha\Desktop\new373Proj\DigitalSixthSense\SoftConsole\core_MSS_CM3_0\core_MSS_CM3_0_hw_platform\Debug\libcore_MSS_CM3_0_hw_platform.a(mss_uart.o)
                0x20000e88                MSS_UART_get_rx
 .text.MSS_UART_isr
                0x20000f64      0x11c C:\Users\sradha\Desktop\new373Proj\DigitalSixthSense\SoftConsole\core_MSS_CM3_0\core_MSS_CM3_0_hw_platform\Debug\libcore_MSS_CM3_0_hw_platform.a(mss_uart.o)
 .text.default_tx_handler
                0x20001080      0x108 C:\Users\sradha\Desktop\new373Proj\DigitalSixthSense\SoftConsole\core_MSS_CM3_0\core_MSS_CM3_0_hw_platform\Debug\libcore_MSS_CM3_0_hw_platform.a(mss_uart.o)
 .text.UART0_IRQHandler
                0x20001188       0x2c C:\Users\sradha\Desktop\new373Proj\DigitalSixthSense\SoftConsole\core_MSS_CM3_0\core_MSS_CM3_0_hw_platform\Debug\libcore_MSS_CM3_0_hw_platform.a(mss_uart.o)
                0x20001188                UART0_IRQHandler
 .text.UART1_IRQHandler
                0x200011b4       0x2c C:\Users\sradha\Desktop\new373Proj\DigitalSixthSense\SoftConsole\core_MSS_CM3_0\core_MSS_CM3_0_hw_platform\Debug\libcore_MSS_CM3_0_hw_platform.a(mss_uart.o)
                0x200011b4                UART1_IRQHandler
 .text.NVIC_EnableIRQ
                0x200011e0       0x38 C:\Users\sradha\Desktop\new373Proj\DigitalSixthSense\SoftConsole\core_MSS_CM3_0\core_MSS_CM3_0_hw_platform\Debug\libcore_MSS_CM3_0_hw_platform.a(mss_i2c.o)
 .text.NVIC_DisableIRQ
                0x20001218       0x3c C:\Users\sradha\Desktop\new373Proj\DigitalSixthSense\SoftConsole\core_MSS_CM3_0\core_MSS_CM3_0_hw_platform\Debug\libcore_MSS_CM3_0_hw_platform.a(mss_i2c.o)
 .text.NVIC_ClearPendingIRQ
                0x20001254       0x3c C:\Users\sradha\Desktop\new373Proj\DigitalSixthSense\SoftConsole\core_MSS_CM3_0\core_MSS_CM3_0_hw_platform\Debug\libcore_MSS_CM3_0_hw_platform.a(mss_i2c.o)
 .text.MSS_I2C_init
                0x20001290      0x16c C:\Users\sradha\Desktop\new373Proj\DigitalSixthSense\SoftConsole\core_MSS_CM3_0\core_MSS_CM3_0_hw_platform\Debug\libcore_MSS_CM3_0_hw_platform.a(mss_i2c.o)
                0x20001290                MSS_I2C_init
 .text.MSS_I2C_write
                0x200013fc       0xf4 C:\Users\sradha\Desktop\new373Proj\DigitalSixthSense\SoftConsole\core_MSS_CM3_0\core_MSS_CM3_0_hw_platform\Debug\libcore_MSS_CM3_0_hw_platform.a(mss_i2c.o)
                0x200013fc                MSS_I2C_write
 .text.MSS_I2C_read
                0x200014f0       0xf4 C:\Users\sradha\Desktop\new373Proj\DigitalSixthSense\SoftConsole\core_MSS_CM3_0\core_MSS_CM3_0_hw_platform\Debug\libcore_MSS_CM3_0_hw_platform.a(mss_i2c.o)
                0x200014f0                MSS_I2C_read
 .text.MSS_I2C_wait_complete
                0x200015e4       0x4c C:\Users\sradha\Desktop\new373Proj\DigitalSixthSense\SoftConsole\core_MSS_CM3_0\core_MSS_CM3_0_hw_platform\Debug\libcore_MSS_CM3_0_hw_platform.a(mss_i2c.o)
                0x200015e4                MSS_I2C_wait_complete
 .text.enable_slave_if_required
                0x20001630       0x28 C:\Users\sradha\Desktop\new373Proj\DigitalSixthSense\SoftConsole\core_MSS_CM3_0\core_MSS_CM3_0_hw_platform\Debug\libcore_MSS_CM3_0_hw_platform.a(mss_i2c.o)
 .text.mss_i2c_isr
                0x20001658      0x8f4 C:\Users\sradha\Desktop\new373Proj\DigitalSixthSense\SoftConsole\core_MSS_CM3_0\core_MSS_CM3_0_hw_platform\Debug\libcore_MSS_CM3_0_hw_platform.a(mss_i2c.o)
 .text.disable_interrupts
                0x20001f4c       0x24 C:\Users\sradha\Desktop\new373Proj\DigitalSixthSense\SoftConsole\core_MSS_CM3_0\core_MSS_CM3_0_hw_platform\Debug\libcore_MSS_CM3_0_hw_platform.a(mss_i2c.o)
 .text.restore_interrupts
                0x20001f70       0x18 C:\Users\sradha\Desktop\new373Proj\DigitalSixthSense\SoftConsole\core_MSS_CM3_0\core_MSS_CM3_0_hw_platform\Debug\libcore_MSS_CM3_0_hw_platform.a(mss_i2c.o)
 .text.I2C0_IRQHandler
                0x20001f88       0x2c C:\Users\sradha\Desktop\new373Proj\DigitalSixthSense\SoftConsole\core_MSS_CM3_0\core_MSS_CM3_0_hw_platform\Debug\libcore_MSS_CM3_0_hw_platform.a(mss_i2c.o)
                0x20001f88                I2C0_IRQHandler
 .text.I2C1_IRQHandler
                0x20001fb4       0x2c C:\Users\sradha\Desktop\new373Proj\DigitalSixthSense\SoftConsole\core_MSS_CM3_0\core_MSS_CM3_0_hw_platform\Debug\libcore_MSS_CM3_0_hw_platform.a(mss_i2c.o)
                0x20001fb4                I2C1_IRQHandler
 .text.__get_PRIMASK
                0x20001fe0       0x20 C:\Users\sradha\Desktop\new373Proj\DigitalSixthSense\SoftConsole\core_MSS_CM3_0\core_MSS_CM3_0_hw_platform\Debug\libcore_MSS_CM3_0_hw_platform.a(core_cm3.o)
                0x20001fe0                __get_PRIMASK
 .text.__set_PRIMASK
                0x20002000       0x18 C:\Users\sradha\Desktop\new373Proj\DigitalSixthSense\SoftConsole\core_MSS_CM3_0\core_MSS_CM3_0_hw_platform\Debug\libcore_MSS_CM3_0_hw_platform.a(core_cm3.o)
                0x20002000                __set_PRIMASK
 .text.SystemInit
                0x20002018        0xc C:\Users\sradha\Desktop\new373Proj\DigitalSixthSense\SoftConsole\core_MSS_CM3_0\core_MSS_CM3_0_hw_platform\Debug\libcore_MSS_CM3_0_hw_platform.a(system_a2fxxxm3.o)
                0x20002018                SystemInit
 .text.SystemCoreClockUpdate
                0x20002024      0x150 C:\Users\sradha\Desktop\new373Proj\DigitalSixthSense\SoftConsole\core_MSS_CM3_0\core_MSS_CM3_0_hw_platform\Debug\libcore_MSS_CM3_0_hw_platform.a(system_a2fxxxm3.o)
                0x20002024                SystemCoreClockUpdate
 .text.GetSystemClock
                0x20002174       0xe8 C:\Users\sradha\Desktop\new373Proj\DigitalSixthSense\SoftConsole\core_MSS_CM3_0\core_MSS_CM3_0_hw_platform\Debug\libcore_MSS_CM3_0_hw_platform.a(system_a2fxxxm3.o)
 .text          0x2000225c      0x370 c:/microsemi/softconsole v3.3/sourcery-g++/bin/../lib/gcc/arm-none-eabi/4.4.1/thumb2\libgcc.a(_arm_addsubdf3.o)
                0x2000225c                __aeabi_drsub
                0x20002264                __aeabi_dsub
                0x20002264                __subdf3
                0x20002268                __aeabi_dadd
                0x20002268                __adddf3
                0x200024e0                __floatunsidf
                0x200024e0                __aeabi_ui2d
                0x20002500                __floatsidf
                0x20002500                __aeabi_i2d
                0x20002524                __aeabi_f2d
                0x20002524                __extendsfdf2
                0x20002560                __floatundidf
                0x20002560                __aeabi_ul2d
                0x20002570                __floatdidf
                0x20002570                __aeabi_l2d
 .text          0x200025cc      0x424 c:/microsemi/softconsole v3.3/sourcery-g++/bin/../lib/gcc/arm-none-eabi/4.4.1/thumb2\libgcc.a(_arm_muldivdf3.o)
                0x200025cc                __aeabi_dmul
                0x200025cc                __muldf3
                0x20002820                __divdf3
                0x20002820                __aeabi_ddiv
 .text          0x200029f0      0x110 c:/microsemi/softconsole v3.3/sourcery-g++/bin/../lib/gcc/arm-none-eabi/4.4.1/thumb2\libgcc.a(_arm_cmpdf2.o)
                0x200029f0                __gtdf2
                0x200029f0                __gedf2
                0x200029f8                __ltdf2
                0x200029f8                __ledf2
                0x20002a00                __nedf2
                0x20002a00                __eqdf2
                0x20002a00                __cmpdf2
                0x20002a7c                __aeabi_cdrcmple
                0x20002a8c                __aeabi_cdcmpeq
                0x20002a8c                __aeabi_cdcmple
                0x20002a9c                __aeabi_dcmpeq
                0x20002ab0                __aeabi_dcmplt
                0x20002ac4                __aeabi_dcmple
                0x20002ad8                __aeabi_dcmpge
                0x20002aec                __aeabi_dcmpgt
 .text          0x20002b00       0x54 c:/microsemi/softconsole v3.3/sourcery-g++/bin/../lib/gcc/arm-none-eabi/4.4.1/../../../../arm-none-eabi/lib/thumb2\libc.a(lib_a-assert.o)
                0x20002b00                __assert_func
                0x20002b48                __assert
 .text          0x20002b54        0xc c:/microsemi/softconsole v3.3/sourcery-g++/bin/../lib/gcc/arm-none-eabi/4.4.1/../../../../arm-none-eabi/lib/thumb2\libc.a(lib_a-errno.o)
                0x20002b54                __errno
 .text          0x20002b60       0x4c c:/microsemi/softconsole v3.3/sourcery-g++/bin/../lib/gcc/arm-none-eabi/4.4.1/../../../../arm-none-eabi/lib/thumb2\libc.a(lib_a-fiprintf.o)
                0x20002b60                fiprintf
                0x20002b8c                _fiprintf_r
 .text          0x20002bac       0x50 c:/microsemi/softconsole v3.3/sourcery-g++/bin/../lib/gcc/arm-none-eabi/4.4.1/../../../../arm-none-eabi/lib/thumb2\libc.a(lib_a-init.o)
                0x20002bac                __libc_init_array
 .text          0x20002bfc       0xd4 c:/microsemi/softconsole v3.3/sourcery-g++/bin/../lib/gcc/arm-none-eabi/4.4.1/../../../../arm-none-eabi/lib/thumb2\libc.a(lib_a-memset.o)
                0x20002bfc                memset
 .text          0x20002cd0      0xd38 c:/microsemi/softconsole v3.3/sourcery-g++/bin/../lib/gcc/arm-none-eabi/4.4.1/../../../../arm-none-eabi/lib/thumb2\libc.a(lib_a-vfiprintf.o)
                0x20002cec                _vfiprintf_r
                0x200039ec                vfiprintf
 .text          0x20003a08      0x104 c:/microsemi/softconsole v3.3/sourcery-g++/bin/../lib/gcc/arm-none-eabi/4.4.1/../../../../arm-none-eabi/lib/thumb2\libc.a(lib_a-wsetup.o)
                0x20003a08                __swsetup_r
 .text          0x20003b0c       0x10 c:/microsemi/softconsole v3.3/sourcery-g++/bin/../lib/gcc/arm-none-eabi/4.4.1/../../../../arm-none-eabi/lib/thumb2\libc.a(lib_a-abort.o)
                0x20003b0c                abort
 .text          0x20003b1c      0x178 c:/microsemi/softconsole v3.3/sourcery-g++/bin/../lib/gcc/arm-none-eabi/4.4.1/../../../../arm-none-eabi/lib/thumb2\libc.a(lib_a-fflush.o)
                0x20003b1c                _fflush_r
                0x20003c6c                fflush
 .text          0x20003c94      0x1c8 c:/microsemi/softconsole v3.3/sourcery-g++/bin/../lib/gcc/arm-none-eabi/4.4.1/../../../../arm-none-eabi/lib/thumb2\libc.a(lib_a-findfp.o)
                0x20003c94                __sfp_lock_acquire
                0x20003c98                __sfp_lock_release
                0x20003c9c                __sinit_lock_acquire
                0x20003ca0                __sinit_lock_release
                0x20003cac                __fp_unlock_all
                0x20003cc4                __fp_lock_all
                0x20003cdc                _cleanup_r
                0x20003ce8                _cleanup
                0x20003d44                __sfmoreglue
                0x20003d74                __sfp
                0x20003dfc                __sinit
 .text          0x20003e5c      0x268 c:/microsemi/softconsole v3.3/sourcery-g++/bin/../lib/gcc/arm-none-eabi/4.4.1/../../../../arm-none-eabi/lib/thumb2\libc.a(lib_a-freer.o)
                0x20003e5c                _malloc_trim_r
                0x20003f04                _free_r
 .text          0x200040c4      0x334 c:/microsemi/softconsole v3.3/sourcery-g++/bin/../lib/gcc/arm-none-eabi/4.4.1/../../../../arm-none-eabi/lib/thumb2\libc.a(lib_a-fvwrite.o)
                0x200040c4                __sfvwrite_r
 .text          0x200043f8       0xa0 c:/microsemi/softconsole v3.3/sourcery-g++/bin/../lib/gcc/arm-none-eabi/4.4.1/../../../../arm-none-eabi/lib/thumb2\libc.a(lib_a-fwalk.o)
                0x200043f8                _fwalk_reent
                0x2000444c                _fwalk
 .text          0x20004498       0xdc c:/microsemi/softconsole v3.3/sourcery-g++/bin/../lib/gcc/arm-none-eabi/4.4.1/../../../../arm-none-eabi/lib/thumb2\libc.a(lib_a-makebuf.o)
                0x20004498                __smakebuf_r
 .text          0x20004574      0x5a4 c:/microsemi/softconsole v3.3/sourcery-g++/bin/../lib/gcc/arm-none-eabi/4.4.1/../../../../arm-none-eabi/lib/thumb2\libc.a(lib_a-mallocr.o)
                0x20004574                _malloc_r
 .text          0x20004b18       0x74 c:/microsemi/softconsole v3.3/sourcery-g++/bin/../lib/gcc/arm-none-eabi/4.4.1/../../../../arm-none-eabi/lib/thumb2\libc.a(lib_a-memchr.o)
                0x20004b18                memchr
 .text          0x20004b8c      0x190 c:/microsemi/softconsole v3.3/sourcery-g++/bin/../lib/gcc/arm-none-eabi/4.4.1/../../../../arm-none-eabi/lib/thumb2\libc.a(lib_a-memcpy.o)
                0x20004b8c                memcpy
 .text          0x20004d1c       0xb8 c:/microsemi/softconsole v3.3/sourcery-g++/bin/../lib/gcc/arm-none-eabi/4.4.1/../../../../arm-none-eabi/lib/thumb2\libc.a(lib_a-memmove.o)
                0x20004d1c                memmove
 .text          0x20004dd4        0x8 c:/microsemi/softconsole v3.3/sourcery-g++/bin/../lib/gcc/arm-none-eabi/4.4.1/../../../../arm-none-eabi/lib/thumb2\libc.a(lib_a-mlock.o)
                0x20004dd4                __malloc_lock
                0x20004dd8                __malloc_unlock
 .text          0x20004ddc      0x3b4 c:/microsemi/softconsole v3.3/sourcery-g++/bin/../lib/gcc/arm-none-eabi/4.4.1/../../../../arm-none-eabi/lib/thumb2\libc.a(lib_a-reallocr.o)
                0x20004ddc                _realloc_r
 .text          0x20005190       0x28 c:/microsemi/softconsole v3.3/sourcery-g++/bin/../lib/gcc/arm-none-eabi/4.4.1/../../../../arm-none-eabi/lib/thumb2\libc.a(lib_a-sbrkr.o)
                0x20005190                _sbrk_r
 .text          0x200051b8      0x14c c:/microsemi/softconsole v3.3/sourcery-g++/bin/../lib/gcc/arm-none-eabi/4.4.1/../../../../arm-none-eabi/lib/thumb2\libc.a(lib_a-signal.o)
                0x200051b8                _raise_r
                0x20005210                raise
                0x20005220                _init_signal_r
                0x20005248                _init_signal
                0x20005254                __sigtramp_r
                0x200052a8                __sigtramp
                0x200052b8                _signal_r
                0x200052f4                signal
 .text          0x20005304       0x30 c:/microsemi/softconsole v3.3/sourcery-g++/bin/../lib/gcc/arm-none-eabi/4.4.1/../../../../arm-none-eabi/lib/thumb2\libc.a(lib_a-signalr.o)
                0x20005304                _getpid_r
                0x20005308                _kill_r
 .text          0x20005334       0x90 c:/microsemi/softconsole v3.3/sourcery-g++/bin/../lib/gcc/arm-none-eabi/4.4.1/../../../../arm-none-eabi/lib/thumb2\libc.a(lib_a-stdio.o)
                0x20005334                __sclose
                0x2000533c                __sseek
                0x20005364                __swrite
                0x200053a0                __sread
 .text          0x200053c4       0x60 c:/microsemi/softconsole v3.3/sourcery-g++/bin/../lib/gcc/arm-none-eabi/4.4.1/../../../../arm-none-eabi/lib/thumb2\libc.a(lib_a-strlen.o)
                0x200053c4                strlen
 .text          0x20005424       0x28 c:/microsemi/softconsole v3.3/sourcery-g++/bin/../lib/gcc/arm-none-eabi/4.4.1/../../../../arm-none-eabi/lib/thumb2\libc.a(lib_a-closer.o)
                0x20005424                _close_r
 .text          0x2000544c       0xcc c:/microsemi/softconsole v3.3/sourcery-g++/bin/../lib/gcc/arm-none-eabi/4.4.1/../../../../arm-none-eabi/lib/thumb2\libc.a(lib_a-fclose.o)
                0x2000544c                _fclose_r
                0x20005508                fclose
 .text          0x20005518       0x2c c:/microsemi/softconsole v3.3/sourcery-g++/bin/../lib/gcc/arm-none-eabi/4.4.1/../../../../arm-none-eabi/lib/thumb2\libc.a(lib_a-fstatr.o)
                0x20005518                _fstat_r
 .text          0x20005544       0x28 c:/microsemi/softconsole v3.3/sourcery-g++/bin/../lib/gcc/arm-none-eabi/4.4.1/../../../../arm-none-eabi/lib/thumb2\libc.a(lib_a-isattyr.o)
                0x20005544                _isatty_r
 .text          0x2000556c       0x2c c:/microsemi/softconsole v3.3/sourcery-g++/bin/../lib/gcc/arm-none-eabi/4.4.1/../../../../arm-none-eabi/lib/thumb2\libc.a(lib_a-lseekr.o)
                0x2000556c                _lseek_r
 .text          0x20005598       0x2c c:/microsemi/softconsole v3.3/sourcery-g++/bin/../lib/gcc/arm-none-eabi/4.4.1/../../../../arm-none-eabi/lib/thumb2\libc.a(lib_a-readr.o)
                0x20005598                _read_r
 .text          0x200055c4       0x2c c:/microsemi/softconsole v3.3/sourcery-g++/bin/../lib/gcc/arm-none-eabi/4.4.1/thumb2\libgcc.a(_aeabi_uldivmod.o)
                0x200055c4                __aeabi_uldivmod
 .text          0x200055f0       0x58 c:/microsemi/softconsole v3.3/sourcery-g++/bin/../lib/gcc/arm-none-eabi/4.4.1/thumb2\libgcc.a(bpabi.o)
                0x200055f0                __gnu_uldivmod_helper
                0x2000561c                __gnu_ldivmod_helper
 .text          0x20005648        0x4 c:/microsemi/softconsole v3.3/sourcery-g++/bin/../lib/gcc/arm-none-eabi/4.4.1/thumb2\libgcc.a(_dvmd_tls.o)
                0x20005648                __aeabi_idiv0
                0x20005648                __aeabi_ldiv0
 .text          0x2000564c      0x364 c:/microsemi/softconsole v3.3/sourcery-g++/bin/../lib/gcc/arm-none-eabi/4.4.1/thumb2\libgcc.a(_divdi3.o)
                0x2000564c                __divdi3
 .text          0x200059b0      0x300 c:/microsemi/softconsole v3.3/sourcery-g++/bin/../lib/gcc/arm-none-eabi/4.4.1/thumb2\libgcc.a(_udivdi3.o)
                0x200059b0                __udivdi3
 .text          0x20005cb0      0x278 c:/microsemi/softconsole v3.3/sourcery-g++/bin/../lib/gcc/arm-none-eabi/4.4.1/thumb2\libgcc.a(_udivsi3.o)
                0x20005cb0                __aeabi_uidiv
                0x20005cb0                __udivsi3
                0x20005f0c                __aeabi_uidivmod
 .text          0x20005f28      0x100 c:/microsemi/softconsole v3.3/sourcery-g++/bin/../lib/gcc/arm-none-eabi/4.4.1/../../../../arm-none-eabi/lib/thumb2\libm.a(lib_a-w_exp.o)
                0x20005f28                exp
 .text          0x20006028      0x318 c:/microsemi/softconsole v3.3/sourcery-g++/bin/../lib/gcc/arm-none-eabi/4.4.1/../../../../arm-none-eabi/lib/thumb2\libm.a(lib_a-e_exp.o)
                0x20006028                __ieee754_exp
 .text          0x20006340       0x10 c:/microsemi/softconsole v3.3/sourcery-g++/bin/../lib/gcc/arm-none-eabi/4.4.1/../../../../arm-none-eabi/lib/thumb2\libm.a(lib_a-s_finite.o)
                0x20006340                finite
 .text          0x20006350        0x4 c:/microsemi/softconsole v3.3/sourcery-g++/bin/../lib/gcc/arm-none-eabi/4.4.1/../../../../arm-none-eabi/lib/thumb2\libm.a(lib_a-s_matherr.o)
                0x20006350                matherr
 .text          0x20006354       0x50 c:/microsemi/softconsole v3.3/sourcery-g++/bin/../lib/gcc/arm-none-eabi/4.4.1/thumb2\libgcc.a(_arm_fixdfsi.o)
                0x20006354                __aeabi_d2iz
                0x20006354                __fixdfsi
 *(.plt)
 *(.gnu.warning)
 *(.glue_7t)
 .glue_7t       0x00000000        0x0 linker stubs
 *(.glue_7)
 .glue_7        0x00000000        0x0 linker stubs
 *(.vfp11_veneer)
 .vfp11_veneer  0x00000000        0x0 linker stubs
                0x200063a4                . = ALIGN (0x4)
 *crtbegin.o(.ctors)
 *(EXCLUDE_FILE(*crtend.o) .ctors)
 *(SORT(.ctors.*))
 *crtend.o(.ctors)
 *crtbegin.o(.dtors)
 *(EXCLUDE_FILE(*crtend.o) .dtors)
 *(SORT(.dtors.*))
 *crtend.o(.dtors)
 *(.rodata .rodata.* .gnu.linkonce.r.*)
 .rodata        0x200063a4       0x10 ./main.o
 .rodata.__FUNCTION__.4469
                0x200063b4       0x14 ./main.o
 .rodata        0x200063c8       0x20 ./motor_control.o
 .rodata.__FUNCTION__.4011
                0x200063e8       0x10 ./motor_control.o
 .rodata.__FUNCTION__.3996
                0x200063f8       0x10 ./motor_control.o
 .rodata.C.18.2663
                0x20006408        0x8 ./tfmini.o
 .rodata        0x20006410       0x1c C:/Users/sradha/Desktop/new373Proj/DigitalSixthSense/SoftConsole/core_MSS_CM3_0/core_MSS_CM3_0_hw_platform/Debug/CMSIS/startup_gcc/newlib_stubs.o
 .rodata.C.18.2576
                0x2000642c       0x10 C:\Users\sradha\Desktop\new373Proj\DigitalSixthSense\SoftConsole\core_MSS_CM3_0\core_MSS_CM3_0_hw_platform\Debug\libcore_MSS_CM3_0_hw_platform.a(system_a2fxxxm3.o)
 .rodata.str1.4
                0x2000643c       0x3f c:/microsemi/softconsole v3.3/sourcery-g++/bin/../lib/gcc/arm-none-eabi/4.4.1/../../../../arm-none-eabi/lib/thumb2\libc.a(lib_a-assert.o)
                                 0x44 (size before relaxing)
 *fill*         0x2000647b        0x1 00
 .rodata        0x2000647c        0x4 c:/microsemi/softconsole v3.3/sourcery-g++/bin/../lib/gcc/arm-none-eabi/4.4.1/../../../../arm-none-eabi/lib/thumb2\libc.a(lib_a-impure.o)
                0x2000647c                _global_impure_ptr
 .rodata.str1.4
                0x20006480        0x2 c:/microsemi/softconsole v3.3/sourcery-g++/bin/../lib/gcc/arm-none-eabi/4.4.1/../../../../arm-none-eabi/lib/thumb2\libc.a(lib_a-impure.o)
                                  0x4 (size before relaxing)
 *fill*         0x20006482        0x2 00
 .rodata        0x20006484       0x20 c:/microsemi/softconsole v3.3/sourcery-g++/bin/../lib/gcc/arm-none-eabi/4.4.1/../../../../arm-none-eabi/lib/thumb2\libc.a(lib_a-vfiprintf.o)
 .rodata.str1.4
                0x200064a4       0x2f c:/microsemi/softconsole v3.3/sourcery-g++/bin/../lib/gcc/arm-none-eabi/4.4.1/../../../../arm-none-eabi/lib/thumb2\libc.a(lib_a-vfiprintf.o)
                                 0x30 (size before relaxing)
 *fill*         0x200064d3        0x1 00
 .rodata        0x200064d4       0x60 c:/microsemi/softconsole v3.3/sourcery-g++/bin/../lib/gcc/arm-none-eabi/4.4.1/../../../../arm-none-eabi/lib/thumb2\libc.a(lib_a-findfp.o)
                0x200064d4                __sf_fake_stdin
                0x200064f4                __sf_fake_stdout
                0x20006514                __sf_fake_stderr
 .rodata.str1.4
                0x20006534        0x4 c:/microsemi/softconsole v3.3/sourcery-g++/bin/../lib/gcc/arm-none-eabi/4.4.1/../../../../arm-none-eabi/lib/thumb2\libm.a(lib_a-w_exp.o)
 .rodata        0x20006538       0x30 c:/microsemi/softconsole v3.3/sourcery-g++/bin/../lib/gcc/arm-none-eabi/4.4.1/../../../../arm-none-eabi/lib/thumb2\libm.a(lib_a-e_exp.o)
 *(.ARM.extab* .gnu.linkonce.armextab.*)
 *(.gcc_except_table)
 *(.eh_frame_hdr)
 *(.eh_frame)
 *(.init)
 .init          0x20006568        0x4 c:/microsemi/softconsole v3.3/sourcery-g++/bin/../lib/gcc/arm-none-eabi/4.4.1/thumb2/crti.o
                0x20006568                _init
 .init          0x2000656c        0x8 c:/microsemi/softconsole v3.3/sourcery-g++/bin/../lib/gcc/arm-none-eabi/4.4.1/thumb2/crtn.o
 *(.fini)
 .fini          0x20006574        0x4 c:/microsemi/softconsole v3.3/sourcery-g++/bin/../lib/gcc/arm-none-eabi/4.4.1/thumb2/crti.o
                0x20006574                _fini
 .fini          0x20006578        0x8 c:/microsemi/softconsole v3.3/sourcery-g++/bin/../lib/gcc/arm-none-eabi/4.4.1/thumb2/crtn.o
                0x20006580                PROVIDE (__preinit_array_start, .)
 *(.preinit_array)
                0x20006580                PROVIDE (__preinit_array_end, .)
                0x20006580                PROVIDE (__init_array_start, .)
 *(SORT(.init_array.*))
 *(.init_array)
 .init_array    0x20006580        0x4 c:/microsemi/softconsole v3.3/sourcery-g++/bin/../lib/gcc/arm-none-eabi/4.4.1/thumb2/crtbegin.o
                0x20006584                PROVIDE (__init_array_end, .)
                0x20006584                PROVIDE (__fini_array_start, .)
 *(.fini_array)
 .fini_array    0x20006584        0x4 c:/microsemi/softconsole v3.3/sourcery-g++/bin/../lib/gcc/arm-none-eabi/4.4.1/thumb2/crtbegin.o
 *(SORT(.fini_array.*))
                0x20006588                PROVIDE (__fini_array_end, .)
                0x20006588                __exidx_start = .

.v4_bx          0x20006588        0x0
 .v4_bx         0x00000000        0x0 linker stubs

.ARM.exidx      0x20006588        0x8
 *(.ARM.exidx* .gnu.linkonce.armexidx.*)
 .ARM.exidx     0x20006588        0x8 c:/microsemi/softconsole v3.3/sourcery-g++/bin/../lib/gcc/arm-none-eabi/4.4.1/thumb2\libgcc.a(_divdi3.o)
 .ARM.exidx     0x20006590        0x0 c:/microsemi/softconsole v3.3/sourcery-g++/bin/../lib/gcc/arm-none-eabi/4.4.1/thumb2\libgcc.a(_udivdi3.o)
                                  0x8 (size before relaxing)
                0x20006590                __exidx_end = .
                0x20006590                _etext = .
                0x20006590                PROVIDE (__text_end, .)

.data           0x20006590      0x524
                0x20006590                __data_load = LOADADDR (.data)
                0x20006590                _sidata = LOADADDR (.data)
                0x20006590                __data_start = .
                0x20006590                _sdata = .
 *(.jcr)
 .jcr           0x20006590        0x0 c:/microsemi/softconsole v3.3/sourcery-g++/bin/../lib/gcc/arm-none-eabi/4.4.1/thumb2/crtbegin.o
 .jcr           0x20006590        0x4 c:/microsemi/softconsole v3.3/sourcery-g++/bin/../lib/gcc/arm-none-eabi/4.4.1/thumb2/crtend.o
 *(.got.plt)
 *(.got)
 *(.shdata)
 *(.data .data.* .gnu.linkonce.d.*)
 .data.SystemFrequency
                0x20006594        0x4 C:\Users\sradha\Desktop\new373Proj\DigitalSixthSense\SoftConsole\core_MSS_CM3_0\core_MSS_CM3_0_hw_platform\Debug\libcore_MSS_CM3_0_hw_platform.a(system_a2fxxxm3.o)
                0x20006594                SystemFrequency
 .data.SystemCoreClock
                0x20006598        0x4 C:\Users\sradha\Desktop\new373Proj\DigitalSixthSense\SoftConsole\core_MSS_CM3_0\core_MSS_CM3_0_hw_platform\Debug\libcore_MSS_CM3_0_hw_platform.a(system_a2fxxxm3.o)
                0x20006598                SystemCoreClock
 .data.g_FrequencyPCLK0
                0x2000659c        0x4 C:\Users\sradha\Desktop\new373Proj\DigitalSixthSense\SoftConsole\core_MSS_CM3_0\core_MSS_CM3_0_hw_platform\Debug\libcore_MSS_CM3_0_hw_platform.a(system_a2fxxxm3.o)
                0x2000659c                g_FrequencyPCLK0
 .data.g_FrequencyPCLK1
                0x200065a0        0x4 C:\Users\sradha\Desktop\new373Proj\DigitalSixthSense\SoftConsole\core_MSS_CM3_0\core_MSS_CM3_0_hw_platform\Debug\libcore_MSS_CM3_0_hw_platform.a(system_a2fxxxm3.o)
                0x200065a0                g_FrequencyPCLK1
 .data.g_FrequencyACE
                0x200065a4        0x4 C:\Users\sradha\Desktop\new373Proj\DigitalSixthSense\SoftConsole\core_MSS_CM3_0\core_MSS_CM3_0_hw_platform\Debug\libcore_MSS_CM3_0_hw_platform.a(system_a2fxxxm3.o)
                0x200065a4                g_FrequencyACE
 .data.g_FrequencyFPGA
                0x200065a8        0x4 C:\Users\sradha\Desktop\new373Proj\DigitalSixthSense\SoftConsole\core_MSS_CM3_0\core_MSS_CM3_0_hw_platform\Debug\libcore_MSS_CM3_0_hw_platform.a(system_a2fxxxm3.o)
                0x200065a8                g_FrequencyFPGA
 .data          0x200065ac       0xf4 c:/microsemi/softconsole v3.3/sourcery-g++/bin/../lib/gcc/arm-none-eabi/4.4.1/../../../../arm-none-eabi/lib/thumb2\libc.a(lib_a-impure.o)
                0x200065ac                _impure_ptr
 .data          0x200066a0      0x410 c:/microsemi/softconsole v3.3/sourcery-g++/bin/../lib/gcc/arm-none-eabi/4.4.1/../../../../arm-none-eabi/lib/thumb2\libc.a(lib_a-mallocr.o)
                0x200066a0                __malloc_av_
                0x20006aa8                __malloc_sbrk_base
                0x20006aac                __malloc_trim_threshold
 .data          0x20006ab0        0x1 c:/microsemi/softconsole v3.3/sourcery-g++/bin/../lib/gcc/arm-none-eabi/4.4.1/../../../../arm-none-eabi/lib/thumb2\libm.a(lib_a-s_lib_ver.o)
                0x20006ab0                __fdlib_version
                0x20006ab4                . = ALIGN (0x4)
 *fill*         0x20006ab1        0x3 00
                0x20006ab4                _edata = .

.bss            0x20006ab4      0x17c
                0x20006ab4                __bss_start__ = .
                0x20006ab4                _sbss = .
 *(.shbss)
 *(.bss .bss.* .gnu.linkonce.b.*)
 .bss           0x20006ab4        0x1 c:/microsemi/softconsole v3.3/sourcery-g++/bin/../lib/gcc/arm-none-eabi/4.4.1/thumb2/crtbegin.o
 *fill*         0x20006ab5        0x3 00
 .bss.heap_end.2220
                0x20006ab8        0x4 C:/Users/sradha/Desktop/new373Proj/DigitalSixthSense/SoftConsole/core_MSS_CM3_0/core_MSS_CM3_0_hw_platform/Debug/CMSIS/startup_gcc/newlib_stubs.o
 .bss           0x20006abc       0x34 c:/microsemi/softconsole v3.3/sourcery-g++/bin/../lib/gcc/arm-none-eabi/4.4.1/../../../../arm-none-eabi/lib/thumb2\libc.a(lib_a-mallocr.o)
                0x20006abc                __malloc_top_pad
                0x20006ac0                __malloc_current_mallinfo
                0x20006ae8                __malloc_max_sbrked_mem
                0x20006aec                __malloc_max_total_mem
 *(COMMON)
 COMMON         0x20006af0       0x50 C:\Users\sradha\Desktop\new373Proj\DigitalSixthSense\SoftConsole\core_MSS_CM3_0\core_MSS_CM3_0_hw_platform\Debug\libcore_MSS_CM3_0_hw_platform.a(mss_uart.o)
                0x20006af0                g_mss_uart1
                0x20006b18                g_mss_uart0
 COMMON         0x20006b40       0xe8 C:\Users\sradha\Desktop\new373Proj\DigitalSixthSense\SoftConsole\core_MSS_CM3_0\core_MSS_CM3_0_hw_platform\Debug\libcore_MSS_CM3_0_hw_platform.a(mss_i2c.o)
                0x20006b40                g_mss_i2c0
                0x20006bb4                g_mss_i2c1
 COMMON         0x20006c28        0x4 c:/microsemi/softconsole v3.3/sourcery-g++/bin/../lib/gcc/arm-none-eabi/4.4.1/../../../../arm-none-eabi/lib/thumb2\libc.a(lib_a-reent.o)
                0x20006c28                errno
                0x20006c30                . = ALIGN (0x8)
 *fill*         0x20006c2c        0x4 00
                0x20006c30                __bss_end__ = .
                0x20006c30                _end = .
                0x20006c30                __end = _end
                0x20006c30                _ebss = .
                0x20006c30                PROVIDE (end, .)

.stack          0x20006c30     0x3000
                0x20006c30                . = ALIGN (0x4)
                0x20007c30                . = (. + PROCESS_STACK_SIZE)
 *fill*         0x20006c30     0x1000 00
                0x20007c30                . = ALIGN (0x4)
                0x20009c30                . = (. + MAIN_STACK_SIZE)
 *fill*         0x20007c30     0x2000 00
                0x20009c30                . = ALIGN (0x4)

.stab
 *(.stab)

.stabstr
 *(.stabstr)

.debug
 *(.debug)

.line
 *(.line)

.debug_srcinfo
 *(.debug_srcinfo)

.debug_sfnames
 *(.debug_sfnames)

.comment        0x00000000      0x158
 .comment       0x00000000       0x2b ./main.o
 .comment       0x0000002b       0x2b ./motor_control.o
 .comment       0x00000056       0x2b ./tfmini.o
 .comment       0x00000081       0x2b C:/Users/sradha/Desktop/new373Proj/DigitalSixthSense/SoftConsole/core_MSS_CM3_0/core_MSS_CM3_0_hw_platform/Debug/CMSIS/startup_gcc/newlib_stubs.o
 .comment       0x000000ac       0x2b C:\Users\sradha\Desktop\new373Proj\DigitalSixthSense\SoftConsole\core_MSS_CM3_0\core_MSS_CM3_0_hw_platform\Debug\libcore_MSS_CM3_0_hw_platform.a(mss_uart.o)
 .comment       0x000000d7       0x2b C:\Users\sradha\Desktop\new373Proj\DigitalSixthSense\SoftConsole\core_MSS_CM3_0\core_MSS_CM3_0_hw_platform\Debug\libcore_MSS_CM3_0_hw_platform.a(mss_i2c.o)
 .comment       0x00000102       0x2b C:\Users\sradha\Desktop\new373Proj\DigitalSixthSense\SoftConsole\core_MSS_CM3_0\core_MSS_CM3_0_hw_platform\Debug\libcore_MSS_CM3_0_hw_platform.a(core_cm3.o)
 .comment       0x0000012d       0x2b C:\Users\sradha\Desktop\new373Proj\DigitalSixthSense\SoftConsole\core_MSS_CM3_0\core_MSS_CM3_0_hw_platform\Debug\libcore_MSS_CM3_0_hw_platform.a(system_a2fxxxm3.o)

.debug_aranges  0x00000000      0x478
 *(.debug_aranges)
 .debug_aranges
                0x00000000       0x40 ./main.o
 .debug_aranges
                0x00000040       0x70 ./motor_control.o
 .debug_aranges
                0x000000b0       0x28 ./tfmini.o
 .debug_aranges
                0x000000d8       0xa8 C:/Users/sradha/Desktop/new373Proj/DigitalSixthSense/SoftConsole/core_MSS_CM3_0/core_MSS_CM3_0_hw_platform/Debug/CMSIS/startup_gcc/newlib_stubs.o
 .debug_aranges
                0x00000180       0xd8 C:\Users\sradha\Desktop\new373Proj\DigitalSixthSense\SoftConsole\core_MSS_CM3_0\core_MSS_CM3_0_hw_platform\Debug\libcore_MSS_CM3_0_hw_platform.a(mss_uart.o)
 .debug_aranges
                0x00000258      0x128 C:\Users\sradha\Desktop\new373Proj\DigitalSixthSense\SoftConsole\core_MSS_CM3_0\core_MSS_CM3_0_hw_platform\Debug\libcore_MSS_CM3_0_hw_platform.a(mss_i2c.o)
 .debug_aranges
                0x00000380       0xc8 C:\Users\sradha\Desktop\new373Proj\DigitalSixthSense\SoftConsole\core_MSS_CM3_0\core_MSS_CM3_0_hw_platform\Debug\libcore_MSS_CM3_0_hw_platform.a(core_cm3.o)
 .debug_aranges
                0x00000448       0x30 C:\Users\sradha\Desktop\new373Proj\DigitalSixthSense\SoftConsole\core_MSS_CM3_0\core_MSS_CM3_0_hw_platform\Debug\libcore_MSS_CM3_0_hw_platform.a(system_a2fxxxm3.o)

.debug_pubnames
                0x00000000      0x911
 *(.debug_pubnames)
 .debug_pubnames
                0x00000000       0x43 ./main.o
 .debug_pubnames
                0x00000043       0xa9 ./motor_control.o
 .debug_pubnames
                0x000000ec       0x26 ./tfmini.o
 .debug_pubnames
                0x00000112       0xeb C:/Users/sradha/Desktop/new373Proj/DigitalSixthSense/SoftConsole/core_MSS_CM3_0/core_MSS_CM3_0_hw_platform/Debug/CMSIS/startup_gcc/newlib_stubs.o
 .debug_pubnames
                0x000001fd      0x21c C:\Users\sradha\Desktop\new373Proj\DigitalSixthSense\SoftConsole\core_MSS_CM3_0\core_MSS_CM3_0_hw_platform\Debug\libcore_MSS_CM3_0_hw_platform.a(mss_uart.o)
 .debug_pubnames
                0x00000419      0x2eb C:\Users\sradha\Desktop\new373Proj\DigitalSixthSense\SoftConsole\core_MSS_CM3_0\core_MSS_CM3_0_hw_platform\Debug\libcore_MSS_CM3_0_hw_platform.a(mss_i2c.o)
 .debug_pubnames
                0x00000704      0x159 C:\Users\sradha\Desktop\new373Proj\DigitalSixthSense\SoftConsole\core_MSS_CM3_0\core_MSS_CM3_0_hw_platform\Debug\libcore_MSS_CM3_0_hw_platform.a(core_cm3.o)
 .debug_pubnames
                0x0000085d       0xb4 C:\Users\sradha\Desktop\new373Proj\DigitalSixthSense\SoftConsole\core_MSS_CM3_0\core_MSS_CM3_0_hw_platform\Debug\libcore_MSS_CM3_0_hw_platform.a(system_a2fxxxm3.o)

.debug_info     0x00000000     0x6366
 *(.debug_info .gnu.linkonce.wi.*)
 .debug_info    0x00000000      0xd10 ./main.o
 .debug_info    0x00000d10      0xcac ./motor_control.o
 .debug_info    0x000019bc      0xbd8 ./tfmini.o
 .debug_info    0x00002594      0x6bf C:/Users/sradha/Desktop/new373Proj/DigitalSixthSense/SoftConsole/core_MSS_CM3_0/core_MSS_CM3_0_hw_platform/Debug/CMSIS/startup_gcc/newlib_stubs.o
 .debug_info    0x00002c53     0x15a4 C:\Users\sradha\Desktop\new373Proj\DigitalSixthSense\SoftConsole\core_MSS_CM3_0\core_MSS_CM3_0_hw_platform\Debug\libcore_MSS_CM3_0_hw_platform.a(mss_uart.o)
 .debug_info    0x000041f7     0x16e7 C:\Users\sradha\Desktop\new373Proj\DigitalSixthSense\SoftConsole\core_MSS_CM3_0\core_MSS_CM3_0_hw_platform\Debug\libcore_MSS_CM3_0_hw_platform.a(mss_i2c.o)
 .debug_info    0x000058de      0x54c C:\Users\sradha\Desktop\new373Proj\DigitalSixthSense\SoftConsole\core_MSS_CM3_0\core_MSS_CM3_0_hw_platform\Debug\libcore_MSS_CM3_0_hw_platform.a(core_cm3.o)
 .debug_info    0x00005e2a      0x53c C:\Users\sradha\Desktop\new373Proj\DigitalSixthSense\SoftConsole\core_MSS_CM3_0\core_MSS_CM3_0_hw_platform\Debug\libcore_MSS_CM3_0_hw_platform.a(system_a2fxxxm3.o)

.debug_abbrev   0x00000000      0xcbc
 *(.debug_abbrev)
 .debug_abbrev  0x00000000      0x1da ./main.o
 .debug_abbrev  0x000001da      0x1c8 ./motor_control.o
 .debug_abbrev  0x000003a2      0x190 ./tfmini.o
 .debug_abbrev  0x00000532      0x130 C:/Users/sradha/Desktop/new373Proj/DigitalSixthSense/SoftConsole/core_MSS_CM3_0/core_MSS_CM3_0_hw_platform/Debug/CMSIS/startup_gcc/newlib_stubs.o
 .debug_abbrev  0x00000662      0x245 C:\Users\sradha\Desktop\new373Proj\DigitalSixthSense\SoftConsole\core_MSS_CM3_0\core_MSS_CM3_0_hw_platform\Debug\libcore_MSS_CM3_0_hw_platform.a(mss_uart.o)
 .debug_abbrev  0x000008a7      0x22b C:\Users\sradha\Desktop\new373Proj\DigitalSixthSense\SoftConsole\core_MSS_CM3_0\core_MSS_CM3_0_hw_platform\Debug\libcore_MSS_CM3_0_hw_platform.a(mss_i2c.o)
 .debug_abbrev  0x00000ad2       0xd9 C:\Users\sradha\Desktop\new373Proj\DigitalSixthSense\SoftConsole\core_MSS_CM3_0\core_MSS_CM3_0_hw_platform\Debug\libcore_MSS_CM3_0_hw_platform.a(core_cm3.o)
 .debug_abbrev  0x00000bab      0x111 C:\Users\sradha\Desktop\new373Proj\DigitalSixthSense\SoftConsole\core_MSS_CM3_0\core_MSS_CM3_0_hw_platform\Debug\libcore_MSS_CM3_0_hw_platform.a(system_a2fxxxm3.o)

.debug_line     0x00000000     0x2381
 *(.debug_line)
 .debug_line    0x00000000      0x63d ./main.o
 .debug_line    0x0000063d      0x514 ./motor_control.o
 .debug_line    0x00000b51      0x296 ./tfmini.o
 .debug_line    0x00000de7      0x458 C:/Users/sradha/Desktop/new373Proj/DigitalSixthSense/SoftConsole/core_MSS_CM3_0/core_MSS_CM3_0_hw_platform/Debug/CMSIS/startup_gcc/newlib_stubs.o
 .debug_line    0x0000123f      0x575 C:\Users\sradha\Desktop\new373Proj\DigitalSixthSense\SoftConsole\core_MSS_CM3_0\core_MSS_CM3_0_hw_platform\Debug\libcore_MSS_CM3_0_hw_platform.a(mss_uart.o)
 .debug_line    0x000017b4      0x6f2 C:\Users\sradha\Desktop\new373Proj\DigitalSixthSense\SoftConsole\core_MSS_CM3_0\core_MSS_CM3_0_hw_platform\Debug\libcore_MSS_CM3_0_hw_platform.a(mss_i2c.o)
 .debug_line    0x00001ea6      0x260 C:\Users\sradha\Desktop\new373Proj\DigitalSixthSense\SoftConsole\core_MSS_CM3_0\core_MSS_CM3_0_hw_platform\Debug\libcore_MSS_CM3_0_hw_platform.a(core_cm3.o)
 .debug_line    0x00002106      0x27b C:\Users\sradha\Desktop\new373Proj\DigitalSixthSense\SoftConsole\core_MSS_CM3_0\core_MSS_CM3_0_hw_platform\Debug\libcore_MSS_CM3_0_hw_platform.a(system_a2fxxxm3.o)

.debug_frame    0x00000000     0x1860
 *(.debug_frame)
 .debug_frame   0x00000000       0xb0 ./main.o
 .debug_frame   0x000000b0      0x160 ./motor_control.o
 .debug_frame   0x00000210       0x54 ./tfmini.o
 .debug_frame   0x00000264      0x21c C:/Users/sradha/Desktop/new373Proj/DigitalSixthSense/SoftConsole/core_MSS_CM3_0/core_MSS_CM3_0_hw_platform/Debug/CMSIS/startup_gcc/newlib_stubs.o
 .debug_frame   0x00000480      0x2e4 C:\Users\sradha\Desktop\new373Proj\DigitalSixthSense\SoftConsole\core_MSS_CM3_0\core_MSS_CM3_0_hw_platform\Debug\libcore_MSS_CM3_0_hw_platform.a(mss_uart.o)
 .debug_frame   0x00000764      0x40c C:\Users\sradha\Desktop\new373Proj\DigitalSixthSense\SoftConsole\core_MSS_CM3_0\core_MSS_CM3_0_hw_platform\Debug\libcore_MSS_CM3_0_hw_platform.a(mss_i2c.o)
 .debug_frame   0x00000b70      0x248 C:\Users\sradha\Desktop\new373Proj\DigitalSixthSense\SoftConsole\core_MSS_CM3_0\core_MSS_CM3_0_hw_platform\Debug\libcore_MSS_CM3_0_hw_platform.a(core_cm3.o)
 .debug_frame   0x00000db8       0x64 C:\Users\sradha\Desktop\new373Proj\DigitalSixthSense\SoftConsole\core_MSS_CM3_0\core_MSS_CM3_0_hw_platform\Debug\libcore_MSS_CM3_0_hw_platform.a(system_a2fxxxm3.o)
 .debug_frame   0x00000e1c       0x44 c:/microsemi/softconsole v3.3/sourcery-g++/bin/../lib/gcc/arm-none-eabi/4.4.1/../../../../arm-none-eabi/lib/thumb2\libc.a(lib_a-assert.o)
 .debug_frame   0x00000e60       0x20 c:/microsemi/softconsole v3.3/sourcery-g++/bin/../lib/gcc/arm-none-eabi/4.4.1/../../../../arm-none-eabi/lib/thumb2\libc.a(lib_a-errno.o)
 .debug_frame   0x00000e80       0x5c c:/microsemi/softconsole v3.3/sourcery-g++/bin/../lib/gcc/arm-none-eabi/4.4.1/../../../../arm-none-eabi/lib/thumb2\libc.a(lib_a-fiprintf.o)
 .debug_frame   0x00000edc       0x2c c:/microsemi/softconsole v3.3/sourcery-g++/bin/../lib/gcc/arm-none-eabi/4.4.1/../../../../arm-none-eabi/lib/thumb2\libc.a(lib_a-init.o)
 .debug_frame   0x00000f08       0x28 c:/microsemi/softconsole v3.3/sourcery-g++/bin/../lib/gcc/arm-none-eabi/4.4.1/../../../../arm-none-eabi/lib/thumb2\libc.a(lib_a-memset.o)
 .debug_frame   0x00000f30       0x70 c:/microsemi/softconsole v3.3/sourcery-g++/bin/../lib/gcc/arm-none-eabi/4.4.1/../../../../arm-none-eabi/lib/thumb2\libc.a(lib_a-vfiprintf.o)
 .debug_frame   0x00000fa0       0x2c c:/microsemi/softconsole v3.3/sourcery-g++/bin/../lib/gcc/arm-none-eabi/4.4.1/../../../../arm-none-eabi/lib/thumb2\libc.a(lib_a-wsetup.o)
 .debug_frame   0x00000fcc       0x28 c:/microsemi/softconsole v3.3/sourcery-g++/bin/../lib/gcc/arm-none-eabi/4.4.1/../../../../arm-none-eabi/lib/thumb2\libc.a(lib_a-abort.o)
 .debug_frame   0x00000ff4       0x40 c:/microsemi/softconsole v3.3/sourcery-g++/bin/../lib/gcc/arm-none-eabi/4.4.1/../../../../arm-none-eabi/lib/thumb2\libc.a(lib_a-fflush.o)
 .debug_frame   0x00001034      0x11c c:/microsemi/softconsole v3.3/sourcery-g++/bin/../lib/gcc/arm-none-eabi/4.4.1/../../../../arm-none-eabi/lib/thumb2\libc.a(lib_a-findfp.o)
 .debug_frame   0x00001150       0x50 c:/microsemi/softconsole v3.3/sourcery-g++/bin/../lib/gcc/arm-none-eabi/4.4.1/../../../../arm-none-eabi/lib/thumb2\libc.a(lib_a-freer.o)
 .debug_frame   0x000011a0       0x3c c:/microsemi/softconsole v3.3/sourcery-g++/bin/../lib/gcc/arm-none-eabi/4.4.1/../../../../arm-none-eabi/lib/thumb2\libc.a(lib_a-fvwrite.o)
 .debug_frame   0x000011dc       0x54 c:/microsemi/softconsole v3.3/sourcery-g++/bin/../lib/gcc/arm-none-eabi/4.4.1/../../../../arm-none-eabi/lib/thumb2\libc.a(lib_a-fwalk.o)
 .debug_frame   0x00001230       0x34 c:/microsemi/softconsole v3.3/sourcery-g++/bin/../lib/gcc/arm-none-eabi/4.4.1/../../../../arm-none-eabi/lib/thumb2\libc.a(lib_a-makebuf.o)
 .debug_frame   0x00001264       0x3c c:/microsemi/softconsole v3.3/sourcery-g++/bin/../lib/gcc/arm-none-eabi/4.4.1/../../../../arm-none-eabi/lib/thumb2\libc.a(lib_a-mallocr.o)
 .debug_frame   0x000012a0       0x28 c:/microsemi/softconsole v3.3/sourcery-g++/bin/../lib/gcc/arm-none-eabi/4.4.1/../../../../arm-none-eabi/lib/thumb2\libc.a(lib_a-memchr.o)
 .debug_frame   0x000012c8       0x34 c:/microsemi/softconsole v3.3/sourcery-g++/bin/../lib/gcc/arm-none-eabi/4.4.1/../../../../arm-none-eabi/lib/thumb2\libc.a(lib_a-memcpy.o)
 .debug_frame   0x000012fc       0x2c c:/microsemi/softconsole v3.3/sourcery-g++/bin/../lib/gcc/arm-none-eabi/4.4.1/../../../../arm-none-eabi/lib/thumb2\libc.a(lib_a-memmove.o)
 .debug_frame   0x00001328       0x30 c:/microsemi/softconsole v3.3/sourcery-g++/bin/../lib/gcc/arm-none-eabi/4.4.1/../../../../arm-none-eabi/lib/thumb2\libc.a(lib_a-mlock.o)
 .debug_frame   0x00001358       0x3c c:/microsemi/softconsole v3.3/sourcery-g++/bin/../lib/gcc/arm-none-eabi/4.4.1/../../../../arm-none-eabi/lib/thumb2\libc.a(lib_a-reallocr.o)
 .debug_frame   0x00001394       0x2c c:/microsemi/softconsole v3.3/sourcery-g++/bin/../lib/gcc/arm-none-eabi/4.4.1/../../../../arm-none-eabi/lib/thumb2\libc.a(lib_a-sbrkr.o)
 .debug_frame   0x000013c0       0xc0 c:/microsemi/softconsole v3.3/sourcery-g++/bin/../lib/gcc/arm-none-eabi/4.4.1/../../../../arm-none-eabi/lib/thumb2\libc.a(lib_a-signal.o)
 .debug_frame   0x00001480       0x3c c:/microsemi/softconsole v3.3/sourcery-g++/bin/../lib/gcc/arm-none-eabi/4.4.1/../../../../arm-none-eabi/lib/thumb2\libc.a(lib_a-signalr.o)
 .debug_frame   0x000014bc       0x70 c:/microsemi/softconsole v3.3/sourcery-g++/bin/../lib/gcc/arm-none-eabi/4.4.1/../../../../arm-none-eabi/lib/thumb2\libc.a(lib_a-stdio.o)
 .debug_frame   0x0000152c       0x20 c:/microsemi/softconsole v3.3/sourcery-g++/bin/../lib/gcc/arm-none-eabi/4.4.1/../../../../arm-none-eabi/lib/thumb2\libc.a(lib_a-strlen.o)
 .debug_frame   0x0000154c       0x2c c:/microsemi/softconsole v3.3/sourcery-g++/bin/../lib/gcc/arm-none-eabi/4.4.1/../../../../arm-none-eabi/lib/thumb2\libc.a(lib_a-closer.o)
 .debug_frame   0x00001578       0x3c c:/microsemi/softconsole v3.3/sourcery-g++/bin/../lib/gcc/arm-none-eabi/4.4.1/../../../../arm-none-eabi/lib/thumb2\libc.a(lib_a-fclose.o)
 .debug_frame   0x000015b4       0x2c c:/microsemi/softconsole v3.3/sourcery-g++/bin/../lib/gcc/arm-none-eabi/4.4.1/../../../../arm-none-eabi/lib/thumb2\libc.a(lib_a-fstatr.o)
 .debug_frame   0x000015e0       0x2c c:/microsemi/softconsole v3.3/sourcery-g++/bin/../lib/gcc/arm-none-eabi/4.4.1/../../../../arm-none-eabi/lib/thumb2\libc.a(lib_a-isattyr.o)
 .debug_frame   0x0000160c       0x2c c:/microsemi/softconsole v3.3/sourcery-g++/bin/../lib/gcc/arm-none-eabi/4.4.1/../../../../arm-none-eabi/lib/thumb2\libc.a(lib_a-lseekr.o)
 .debug_frame   0x00001638       0x2c c:/microsemi/softconsole v3.3/sourcery-g++/bin/../lib/gcc/arm-none-eabi/4.4.1/../../../../arm-none-eabi/lib/thumb2\libc.a(lib_a-readr.o)
 .debug_frame   0x00001664       0x64 c:/microsemi/softconsole v3.3/sourcery-g++/bin/../lib/gcc/arm-none-eabi/4.4.1/../../../../arm-none-eabi/lib/thumb2\libc.a(lib_a-reent.o)
 .debug_frame   0x000016c8       0x50 c:/microsemi/softconsole v3.3/sourcery-g++/bin/../lib/gcc/arm-none-eabi/4.4.1/thumb2\libgcc.a(bpabi.o)
 .debug_frame   0x00001718       0x3c c:/microsemi/softconsole v3.3/sourcery-g++/bin/../lib/gcc/arm-none-eabi/4.4.1/thumb2\libgcc.a(_divdi3.o)
 .debug_frame   0x00001754       0x3c c:/microsemi/softconsole v3.3/sourcery-g++/bin/../lib/gcc/arm-none-eabi/4.4.1/thumb2\libgcc.a(_udivdi3.o)
 .debug_frame   0x00001790       0x20 c:/microsemi/softconsole v3.3/sourcery-g++/bin/../lib/gcc/arm-none-eabi/4.4.1/thumb2\libgcc.a(_udivsi3.o)
 .debug_frame   0x000017b0       0x34 c:/microsemi/softconsole v3.3/sourcery-g++/bin/../lib/gcc/arm-none-eabi/4.4.1/../../../../arm-none-eabi/lib/thumb2\libm.a(lib_a-w_exp.o)
 .debug_frame   0x000017e4       0x3c c:/microsemi/softconsole v3.3/sourcery-g++/bin/../lib/gcc/arm-none-eabi/4.4.1/../../../../arm-none-eabi/lib/thumb2\libm.a(lib_a-e_exp.o)
 .debug_frame   0x00001820       0x20 c:/microsemi/softconsole v3.3/sourcery-g++/bin/../lib/gcc/arm-none-eabi/4.4.1/../../../../arm-none-eabi/lib/thumb2\libm.a(lib_a-s_finite.o)
 .debug_frame   0x00001840       0x20 c:/microsemi/softconsole v3.3/sourcery-g++/bin/../lib/gcc/arm-none-eabi/4.4.1/../../../../arm-none-eabi/lib/thumb2\libm.a(lib_a-s_matherr.o)

.debug_str      0x00000000     0x222c
 *(.debug_str)
 .debug_str     0x00000000     0x110c ./main.o
                               0x11b4 (size before relaxing)
 .debug_str     0x0000110c       0x7b ./motor_control.o
                               0x10d7 (size before relaxing)
 .debug_str     0x00001187      0x2c4 ./tfmini.o
                                0xf24 (size before relaxing)
 .debug_str     0x0000144b      0x25a C:/Users/sradha/Desktop/new373Proj/DigitalSixthSense/SoftConsole/core_MSS_CM3_0/core_MSS_CM3_0_hw_platform/Debug/CMSIS/startup_gcc/newlib_stubs.o
                                0x331 (size before relaxing)
 .debug_str     0x000016a5      0x5b8 C:\Users\sradha\Desktop\new373Proj\DigitalSixthSense\SoftConsole\core_MSS_CM3_0\core_MSS_CM3_0_hw_platform\Debug\libcore_MSS_CM3_0_hw_platform.a(mss_uart.o)
                               0x14c2 (size before relaxing)
 .debug_str     0x00001c5d      0x396 C:\Users\sradha\Desktop\new373Proj\DigitalSixthSense\SoftConsole\core_MSS_CM3_0\core_MSS_CM3_0_hw_platform\Debug\libcore_MSS_CM3_0_hw_platform.a(mss_i2c.o)
                               0x1762 (size before relaxing)
 .debug_str     0x00001ff3      0x142 C:\Users\sradha\Desktop\new373Proj\DigitalSixthSense\SoftConsole\core_MSS_CM3_0\core_MSS_CM3_0_hw_platform\Debug\libcore_MSS_CM3_0_hw_platform.a(core_cm3.o)
                                0x278 (size before relaxing)
 .debug_str     0x00002135       0xf7 C:\Users\sradha\Desktop\new373Proj\DigitalSixthSense\SoftConsole\core_MSS_CM3_0\core_MSS_CM3_0_hw_platform\Debug\libcore_MSS_CM3_0_hw_platform.a(system_a2fxxxm3.o)
                                0x465 (size before relaxing)

.debug_loc      0x00000000     0x1825
 *(.debug_loc)
 .debug_loc     0x00000000      0x107 ./main.o
 .debug_loc     0x00000107      0x22d ./motor_control.o
 .debug_loc     0x00000334       0x6e ./tfmini.o
 .debug_loc     0x000003a2      0x3c6 C:/Users/sradha/Desktop/new373Proj/DigitalSixthSense/SoftConsole/core_MSS_CM3_0/core_MSS_CM3_0_hw_platform/Debug/CMSIS/startup_gcc/newlib_stubs.o
 .debug_loc     0x00000768      0x510 C:\Users\sradha\Desktop\new373Proj\DigitalSixthSense\SoftConsole\core_MSS_CM3_0\core_MSS_CM3_0_hw_platform\Debug\libcore_MSS_CM3_0_hw_platform.a(mss_uart.o)
 .debug_loc     0x00000c78      0x736 C:\Users\sradha\Desktop\new373Proj\DigitalSixthSense\SoftConsole\core_MSS_CM3_0\core_MSS_CM3_0_hw_platform\Debug\libcore_MSS_CM3_0_hw_platform.a(mss_i2c.o)
 .debug_loc     0x000013ae      0x3de C:\Users\sradha\Desktop\new373Proj\DigitalSixthSense\SoftConsole\core_MSS_CM3_0\core_MSS_CM3_0_hw_platform\Debug\libcore_MSS_CM3_0_hw_platform.a(core_cm3.o)
 .debug_loc     0x0000178c       0x99 C:\Users\sradha\Desktop\new373Proj\DigitalSixthSense\SoftConsole\core_MSS_CM3_0\core_MSS_CM3_0_hw_platform\Debug\libcore_MSS_CM3_0_hw_platform.a(system_a2fxxxm3.o)

.debug_macinfo  0x00000000    0x30f68
 *(.debug_macinfo)
 .debug_macinfo
                0x00000000     0x9914 ./main.o
 .debug_macinfo
                0x00009914     0x847b ./motor_control.o
 .debug_macinfo
                0x00011d8f     0x5d8f ./tfmini.o
 .debug_macinfo
                0x00017b1e     0x4bf0 C:/Users/sradha/Desktop/new373Proj/DigitalSixthSense/SoftConsole/core_MSS_CM3_0/core_MSS_CM3_0_hw_platform/Debug/CMSIS/startup_gcc/newlib_stubs.o
 .debug_macinfo
                0x0001c70e     0x63ca C:\Users\sradha\Desktop\new373Proj\DigitalSixthSense\SoftConsole\core_MSS_CM3_0\core_MSS_CM3_0_hw_platform\Debug\libcore_MSS_CM3_0_hw_platform.a(mss_uart.o)
 .debug_macinfo
                0x00022ad8     0x74ff C:\Users\sradha\Desktop\new373Proj\DigitalSixthSense\SoftConsole\core_MSS_CM3_0\core_MSS_CM3_0_hw_platform\Debug\libcore_MSS_CM3_0_hw_platform.a(mss_i2c.o)
 .debug_macinfo
                0x00029fd7     0x1512 C:\Users\sradha\Desktop\new373Proj\DigitalSixthSense\SoftConsole\core_MSS_CM3_0\core_MSS_CM3_0_hw_platform\Debug\libcore_MSS_CM3_0_hw_platform.a(core_cm3.o)
 .debug_macinfo
                0x0002b4e9     0x5a7f C:\Users\sradha\Desktop\new373Proj\DigitalSixthSense\SoftConsole\core_MSS_CM3_0\core_MSS_CM3_0_hw_platform\Debug\libcore_MSS_CM3_0_hw_platform.a(system_a2fxxxm3.o)

.debug_weaknames
 *(.debug_weaknames)

.debug_funcnames
 *(.debug_funcnames)

.debug_typenames
 *(.debug_typenames)

.debug_varnames
 *(.debug_varnames)

.note.gnu.arm.ident
 *(.note.gnu.arm.ident)

.ARM.attributes
                0x00000000       0x25
 *(.ARM.attributes)
 .ARM.attributes
                0x00000000       0x19 c:/microsemi/softconsole v3.3/sourcery-g++/bin/../lib/gcc/arm-none-eabi/4.4.1/thumb2/crti.o
 .ARM.attributes
                0x00000019       0x29 c:/microsemi/softconsole v3.3/sourcery-g++/bin/../lib/gcc/arm-none-eabi/4.4.1/thumb2/crtbegin.o
 .ARM.attributes
                0x00000042       0x31 ./main.o
 .ARM.attributes
                0x00000073       0x31 ./motor_control.o
 .ARM.attributes
                0x000000a4       0x31 ./tfmini.o
 .ARM.attributes
                0x000000d5       0x21 C:/Users/sradha/Desktop/new373Proj/DigitalSixthSense/SoftConsole/core_MSS_CM3_0/core_MSS_CM3_0_hw_platform/Debug/CMSIS/startup_gcc/startup_a2fxxxm3.o
 .ARM.attributes
                0x000000f6       0x31 C:/Users/sradha/Desktop/new373Proj/DigitalSixthSense/SoftConsole/core_MSS_CM3_0/core_MSS_CM3_0_hw_platform/Debug/CMSIS/startup_gcc/newlib_stubs.o
 .ARM.attributes
                0x00000127       0x31 C:\Users\sradha\Desktop\new373Proj\DigitalSixthSense\SoftConsole\core_MSS_CM3_0\core_MSS_CM3_0_hw_platform\Debug\libcore_MSS_CM3_0_hw_platform.a(mss_uart.o)
 .ARM.attributes
                0x00000158       0x31 C:\Users\sradha\Desktop\new373Proj\DigitalSixthSense\SoftConsole\core_MSS_CM3_0\core_MSS_CM3_0_hw_platform\Debug\libcore_MSS_CM3_0_hw_platform.a(mss_i2c.o)
 .ARM.attributes
                0x00000189       0x31 C:\Users\sradha\Desktop\new373Proj\DigitalSixthSense\SoftConsole\core_MSS_CM3_0\core_MSS_CM3_0_hw_platform\Debug\libcore_MSS_CM3_0_hw_platform.a(core_cm3.o)
 .ARM.attributes
                0x000001ba       0x31 C:\Users\sradha\Desktop\new373Proj\DigitalSixthSense\SoftConsole\core_MSS_CM3_0\core_MSS_CM3_0_hw_platform\Debug\libcore_MSS_CM3_0_hw_platform.a(system_a2fxxxm3.o)
 .ARM.attributes
                0x000001eb       0x1b c:/microsemi/softconsole v3.3/sourcery-g++/bin/../lib/gcc/arm-none-eabi/4.4.1/thumb2\libgcc.a(_arm_addsubdf3.o)
 .ARM.attributes
                0x00000206       0x1b c:/microsemi/softconsole v3.3/sourcery-g++/bin/../lib/gcc/arm-none-eabi/4.4.1/thumb2\libgcc.a(_arm_muldivdf3.o)
 .ARM.attributes
                0x00000221       0x1b c:/microsemi/softconsole v3.3/sourcery-g++/bin/../lib/gcc/arm-none-eabi/4.4.1/thumb2\libgcc.a(_arm_cmpdf2.o)
 .ARM.attributes
                0x0000023c       0x29 c:/microsemi/softconsole v3.3/sourcery-g++/bin/../lib/gcc/arm-none-eabi/4.4.1/../../../../arm-none-eabi/lib/thumb2\libc.a(lib_a-assert.o)
 .ARM.attributes
                0x00000265       0x29 c:/microsemi/softconsole v3.3/sourcery-g++/bin/../lib/gcc/arm-none-eabi/4.4.1/../../../../arm-none-eabi/lib/thumb2\libc.a(lib_a-errno.o)
 .ARM.attributes
                0x0000028e       0x29 c:/microsemi/softconsole v3.3/sourcery-g++/bin/../lib/gcc/arm-none-eabi/4.4.1/../../../../arm-none-eabi/lib/thumb2\libc.a(lib_a-fiprintf.o)
 .ARM.attributes
                0x000002b7       0x29 c:/microsemi/softconsole v3.3/sourcery-g++/bin/../lib/gcc/arm-none-eabi/4.4.1/../../../../arm-none-eabi/lib/thumb2\libc.a(lib_a-impure.o)
 .ARM.attributes
                0x000002e0       0x29 c:/microsemi/softconsole v3.3/sourcery-g++/bin/../lib/gcc/arm-none-eabi/4.4.1/../../../../arm-none-eabi/lib/thumb2\libc.a(lib_a-init.o)
 .ARM.attributes
                0x00000309       0x29 c:/microsemi/softconsole v3.3/sourcery-g++/bin/../lib/gcc/arm-none-eabi/4.4.1/../../../../arm-none-eabi/lib/thumb2\libc.a(lib_a-memset.o)
 .ARM.attributes
                0x00000332       0x29 c:/microsemi/softconsole v3.3/sourcery-g++/bin/../lib/gcc/arm-none-eabi/4.4.1/../../../../arm-none-eabi/lib/thumb2\libc.a(lib_a-vfiprintf.o)
 .ARM.attributes
                0x0000035b       0x29 c:/microsemi/softconsole v3.3/sourcery-g++/bin/../lib/gcc/arm-none-eabi/4.4.1/../../../../arm-none-eabi/lib/thumb2\libc.a(lib_a-wsetup.o)
 .ARM.attributes
                0x00000384       0x29 c:/microsemi/softconsole v3.3/sourcery-g++/bin/../lib/gcc/arm-none-eabi/4.4.1/../../../../arm-none-eabi/lib/thumb2\libc.a(lib_a-abort.o)
 .ARM.attributes
                0x000003ad       0x29 c:/microsemi/softconsole v3.3/sourcery-g++/bin/../lib/gcc/arm-none-eabi/4.4.1/../../../../arm-none-eabi/lib/thumb2\libc.a(lib_a-fflush.o)
 .ARM.attributes
                0x000003d6       0x29 c:/microsemi/softconsole v3.3/sourcery-g++/bin/../lib/gcc/arm-none-eabi/4.4.1/../../../../arm-none-eabi/lib/thumb2\libc.a(lib_a-findfp.o)
 .ARM.attributes
                0x000003ff       0x29 c:/microsemi/softconsole v3.3/sourcery-g++/bin/../lib/gcc/arm-none-eabi/4.4.1/../../../../arm-none-eabi/lib/thumb2\libc.a(lib_a-freer.o)
 .ARM.attributes
                0x00000428       0x29 c:/microsemi/softconsole v3.3/sourcery-g++/bin/../lib/gcc/arm-none-eabi/4.4.1/../../../../arm-none-eabi/lib/thumb2\libc.a(lib_a-fvwrite.o)
 .ARM.attributes
                0x00000451       0x29 c:/microsemi/softconsole v3.3/sourcery-g++/bin/../lib/gcc/arm-none-eabi/4.4.1/../../../../arm-none-eabi/lib/thumb2\libc.a(lib_a-fwalk.o)
 .ARM.attributes
                0x0000047a       0x29 c:/microsemi/softconsole v3.3/sourcery-g++/bin/../lib/gcc/arm-none-eabi/4.4.1/../../../../arm-none-eabi/lib/thumb2\libc.a(lib_a-makebuf.o)
 .ARM.attributes
                0x000004a3       0x29 c:/microsemi/softconsole v3.3/sourcery-g++/bin/../lib/gcc/arm-none-eabi/4.4.1/../../../../arm-none-eabi/lib/thumb2\libc.a(lib_a-mallocr.o)
 .ARM.attributes
                0x000004cc       0x29 c:/microsemi/softconsole v3.3/sourcery-g++/bin/../lib/gcc/arm-none-eabi/4.4.1/../../../../arm-none-eabi/lib/thumb2\libc.a(lib_a-memchr.o)
 .ARM.attributes
                0x000004f5       0x29 c:/microsemi/softconsole v3.3/sourcery-g++/bin/../lib/gcc/arm-none-eabi/4.4.1/../../../../arm-none-eabi/lib/thumb2\libc.a(lib_a-memcpy.o)
 .ARM.attributes
                0x0000051e       0x29 c:/microsemi/softconsole v3.3/sourcery-g++/bin/../lib/gcc/arm-none-eabi/4.4.1/../../../../arm-none-eabi/lib/thumb2\libc.a(lib_a-memmove.o)
 .ARM.attributes
                0x00000547       0x29 c:/microsemi/softconsole v3.3/sourcery-g++/bin/../lib/gcc/arm-none-eabi/4.4.1/../../../../arm-none-eabi/lib/thumb2\libc.a(lib_a-mlock.o)
 .ARM.attributes
                0x00000570       0x29 c:/microsemi/softconsole v3.3/sourcery-g++/bin/../lib/gcc/arm-none-eabi/4.4.1/../../../../arm-none-eabi/lib/thumb2\libc.a(lib_a-reallocr.o)
 .ARM.attributes
                0x00000599       0x29 c:/microsemi/softconsole v3.3/sourcery-g++/bin/../lib/gcc/arm-none-eabi/4.4.1/../../../../arm-none-eabi/lib/thumb2\libc.a(lib_a-sbrkr.o)
 .ARM.attributes
                0x000005c2       0x29 c:/microsemi/softconsole v3.3/sourcery-g++/bin/../lib/gcc/arm-none-eabi/4.4.1/../../../../arm-none-eabi/lib/thumb2\libc.a(lib_a-signal.o)
 .ARM.attributes
                0x000005eb       0x29 c:/microsemi/softconsole v3.3/sourcery-g++/bin/../lib/gcc/arm-none-eabi/4.4.1/../../../../arm-none-eabi/lib/thumb2\libc.a(lib_a-signalr.o)
 .ARM.attributes
                0x00000614       0x29 c:/microsemi/softconsole v3.3/sourcery-g++/bin/../lib/gcc/arm-none-eabi/4.4.1/../../../../arm-none-eabi/lib/thumb2\libc.a(lib_a-stdio.o)
 .ARM.attributes
                0x0000063d       0x29 c:/microsemi/softconsole v3.3/sourcery-g++/bin/../lib/gcc/arm-none-eabi/4.4.1/../../../../arm-none-eabi/lib/thumb2\libc.a(lib_a-strlen.o)
 .ARM.attributes
                0x00000666       0x29 c:/microsemi/softconsole v3.3/sourcery-g++/bin/../lib/gcc/arm-none-eabi/4.4.1/../../../../arm-none-eabi/lib/thumb2\libc.a(lib_a-closer.o)
 .ARM.attributes
                0x0000068f       0x29 c:/microsemi/softconsole v3.3/sourcery-g++/bin/../lib/gcc/arm-none-eabi/4.4.1/../../../../arm-none-eabi/lib/thumb2\libc.a(lib_a-fclose.o)
 .ARM.attributes
                0x000006b8       0x29 c:/microsemi/softconsole v3.3/sourcery-g++/bin/../lib/gcc/arm-none-eabi/4.4.1/../../../../arm-none-eabi/lib/thumb2\libc.a(lib_a-fstatr.o)
 .ARM.attributes
                0x000006e1       0x29 c:/microsemi/softconsole v3.3/sourcery-g++/bin/../lib/gcc/arm-none-eabi/4.4.1/../../../../arm-none-eabi/lib/thumb2\libc.a(lib_a-isattyr.o)
 .ARM.attributes
                0x0000070a       0x29 c:/microsemi/softconsole v3.3/sourcery-g++/bin/../lib/gcc/arm-none-eabi/4.4.1/../../../../arm-none-eabi/lib/thumb2\libc.a(lib_a-lseekr.o)
 .ARM.attributes
                0x00000733       0x29 c:/microsemi/softconsole v3.3/sourcery-g++/bin/../lib/gcc/arm-none-eabi/4.4.1/../../../../arm-none-eabi/lib/thumb2\libc.a(lib_a-readr.o)
 .ARM.attributes
                0x0000075c       0x29 c:/microsemi/softconsole v3.3/sourcery-g++/bin/../lib/gcc/arm-none-eabi/4.4.1/../../../../arm-none-eabi/lib/thumb2\libc.a(lib_a-reent.o)
 .ARM.attributes
                0x00000785       0x1b c:/microsemi/softconsole v3.3/sourcery-g++/bin/../lib/gcc/arm-none-eabi/4.4.1/thumb2\libgcc.a(_aeabi_uldivmod.o)
 .ARM.attributes
                0x000007a0       0x29 c:/microsemi/softconsole v3.3/sourcery-g++/bin/../lib/gcc/arm-none-eabi/4.4.1/thumb2\libgcc.a(bpabi.o)
 .ARM.attributes
                0x000007c9       0x1b c:/microsemi/softconsole v3.3/sourcery-g++/bin/../lib/gcc/arm-none-eabi/4.4.1/thumb2\libgcc.a(_dvmd_tls.o)
 .ARM.attributes
                0x000007e4       0x29 c:/microsemi/softconsole v3.3/sourcery-g++/bin/../lib/gcc/arm-none-eabi/4.4.1/thumb2\libgcc.a(_divdi3.o)
 .ARM.attributes
                0x0000080d       0x29 c:/microsemi/softconsole v3.3/sourcery-g++/bin/../lib/gcc/arm-none-eabi/4.4.1/thumb2\libgcc.a(_udivdi3.o)
 .ARM.attributes
                0x00000836       0x1b c:/microsemi/softconsole v3.3/sourcery-g++/bin/../lib/gcc/arm-none-eabi/4.4.1/thumb2\libgcc.a(_udivsi3.o)
 .ARM.attributes
                0x00000851       0x29 c:/microsemi/softconsole v3.3/sourcery-g++/bin/../lib/gcc/arm-none-eabi/4.4.1/thumb2/crtend.o
 .ARM.attributes
                0x0000087a       0x19 c:/microsemi/softconsole v3.3/sourcery-g++/bin/../lib/gcc/arm-none-eabi/4.4.1/thumb2/crtn.o
 .ARM.attributes
                0x00000893       0x29 c:/microsemi/softconsole v3.3/sourcery-g++/bin/../lib/gcc/arm-none-eabi/4.4.1/../../../../arm-none-eabi/lib/thumb2\libm.a(lib_a-w_exp.o)
 .ARM.attributes
                0x000008bc       0x29 c:/microsemi/softconsole v3.3/sourcery-g++/bin/../lib/gcc/arm-none-eabi/4.4.1/../../../../arm-none-eabi/lib/thumb2\libm.a(lib_a-e_exp.o)
 .ARM.attributes
                0x000008e5       0x29 c:/microsemi/softconsole v3.3/sourcery-g++/bin/../lib/gcc/arm-none-eabi/4.4.1/../../../../arm-none-eabi/lib/thumb2\libm.a(lib_a-s_finite.o)
 .ARM.attributes
                0x0000090e       0x29 c:/microsemi/softconsole v3.3/sourcery-g++/bin/../lib/gcc/arm-none-eabi/4.4.1/../../../../arm-none-eabi/lib/thumb2\libm.a(lib_a-s_lib_ver.o)
 .ARM.attributes
                0x00000937       0x29 c:/microsemi/softconsole v3.3/sourcery-g++/bin/../lib/gcc/arm-none-eabi/4.4.1/../../../../arm-none-eabi/lib/thumb2\libm.a(lib_a-s_matherr.o)
 .ARM.attributes
                0x00000960       0x1b c:/microsemi/softconsole v3.3/sourcery-g++/bin/../lib/gcc/arm-none-eabi/4.4.1/thumb2\libgcc.a(_arm_fixdfsi.o)

/DISCARD/
 *(.note.GNU-stack)
 *(.isr_vector)
OUTPUT(core_MSS_CM3_0_app elf32-littlearm)

.debug_ranges   0x00000000      0x450
 .debug_ranges  0x00000000       0x38 ./main.o
 .debug_ranges  0x00000038       0x68 ./motor_control.o
 .debug_ranges  0x000000a0       0x20 ./tfmini.o
 .debug_ranges  0x000000c0       0xa0 C:/Users/sradha/Desktop/new373Proj/DigitalSixthSense/SoftConsole/core_MSS_CM3_0/core_MSS_CM3_0_hw_platform/Debug/CMSIS/startup_gcc/newlib_stubs.o
 .debug_ranges  0x00000160       0xd0 C:\Users\sradha\Desktop\new373Proj\DigitalSixthSense\SoftConsole\core_MSS_CM3_0\core_MSS_CM3_0_hw_platform\Debug\libcore_MSS_CM3_0_hw_platform.a(mss_uart.o)
 .debug_ranges  0x00000230      0x138 C:\Users\sradha\Desktop\new373Proj\DigitalSixthSense\SoftConsole\core_MSS_CM3_0\core_MSS_CM3_0_hw_platform\Debug\libcore_MSS_CM3_0_hw_platform.a(mss_i2c.o)
 .debug_ranges  0x00000368       0xc0 C:\Users\sradha\Desktop\new373Proj\DigitalSixthSense\SoftConsole\core_MSS_CM3_0\core_MSS_CM3_0_hw_platform\Debug\libcore_MSS_CM3_0_hw_platform.a(core_cm3.o)
 .debug_ranges  0x00000428       0x28 C:\Users\sradha\Desktop\new373Proj\DigitalSixthSense\SoftConsole\core_MSS_CM3_0\core_MSS_CM3_0_hw_platform\Debug\libcore_MSS_CM3_0_hw_platform.a(system_a2fxxxm3.o)
